
===========================================================================
report_checks -unconstrained
===========================================================================
======================= nom_ss_100C_1v60 Corner ===================================

Startpoint: wb_rst_i (input port clocked by wb_clk_i)
Endpoint: _597_ (recovery check against rising-edge clock wb_clk_i)
Path Group: asynchronous
Path Type: max

Fanout         Cap        Slew       Delay        Time   Description
---------------------------------------------------------------------------------------------
                                  0.000000    0.000000   clock wb_clk_i (rise edge)
                                  0.000000    0.000000   clock network delay (propagated)
                                  5.000000    5.000000 v input external delay
     2    0.004041    0.023300    0.013134    5.013134 v wb_rst_i (in)
                                                         wb_rst_i (net)
                      0.023300    0.000000    5.013134 v input13/A (sky130_fd_sc_hd__clkbuf_2)
     5    0.031820    0.225291    0.302388    5.315522 v input13/X (sky130_fd_sc_hd__clkbuf_2)
                                                         net13 (net)
                      0.225291    0.000650    5.316172 v fanout65/A (sky130_fd_sc_hd__buf_4)
    17    0.086458    0.209522    0.461838    5.778010 v fanout65/X (sky130_fd_sc_hd__buf_4)
                                                         net65 (net)
                      0.209526    0.001436    5.779446 v fanout64/A (sky130_fd_sc_hd__buf_8)
    33    0.138655    0.178869    0.393188    6.172634 v fanout64/X (sky130_fd_sc_hd__buf_8)
                                                         net64 (net)
                      0.178927    0.002757    6.175391 v fanout63/A (sky130_fd_sc_hd__buf_8)
    33    0.121802    0.159812    0.368861    6.544252 v fanout63/X (sky130_fd_sc_hd__buf_8)
                                                         net63 (net)
                      0.160297    0.006368    6.550620 v _517_/A (sky130_fd_sc_hd__inv_2)
     1    0.004013    0.059493    0.107443    6.658063 ^ _517_/Y (sky130_fd_sc_hd__inv_2)
                                                         _070_ (net)
                      0.059493    0.000091    6.658154 ^ _597_/SET_B (sky130_fd_sc_hd__dfstp_1)
                                              6.658154   data arrival time

                                 25.000000   25.000000   clock wb_clk_i (rise edge)
                                  0.000000   25.000000   clock source latency
     2    0.028922    0.212299    0.146581   25.146580 ^ wb_clk_i (in)
                                                         wb_clk_i (net)
                      0.212306    0.000000   25.146580 ^ clkbuf_0_wb_clk_i/A (sky130_fd_sc_hd__clkbuf_16)
    17    0.128443    0.216016    0.408626   25.555206 ^ clkbuf_0_wb_clk_i/X (sky130_fd_sc_hd__clkbuf_16)
                                                         clknet_0_wb_clk_i (net)
                      0.216505    0.007347   25.562553 ^ clkbuf_3_5__f_wb_clk_i/A (sky130_fd_sc_hd__clkbuf_16)
    13    0.049329    0.106125    0.327294   25.889847 ^ clkbuf_3_5__f_wb_clk_i/X (sky130_fd_sc_hd__clkbuf_16)
                                                         clknet_3_5__leaf_wb_clk_i (net)
                      0.106177    0.002055   25.891903 ^ _597_/CLK (sky130_fd_sc_hd__dfstp_1)
                                 -0.250000   25.641903   clock uncertainty
                                  0.000000   25.641903   clock reconvergence pessimism
                                  0.280624   25.922529   library recovery time
                                             25.922529   data required time
---------------------------------------------------------------------------------------------
                                             25.922529   data required time
                                             -6.658154   data arrival time
---------------------------------------------------------------------------------------------
                                             19.264376   slack (MET)


Startpoint: wbs_adr_i[5] (input port clocked by wb_clk_i)
Endpoint: _562_ (rising edge-triggered flip-flop clocked by wb_clk_i)
Path Group: wb_clk_i
Path Type: max

Fanout         Cap        Slew       Delay        Time   Description
---------------------------------------------------------------------------------------------
                                  0.000000    0.000000   clock wb_clk_i (rise edge)
                                  0.000000    0.000000   clock network delay (propagated)
                                  5.000000    5.000000 v input external delay
     2    0.004469    0.025003    0.014476    5.014476 v wbs_adr_i[5] (in)
                                                         wbs_adr_i[5] (net)
                      0.025003    0.000000    5.014476 v input19/A (sky130_fd_sc_hd__buf_1)
     2    0.007597    0.099497    0.181303    5.195779 v input19/X (sky130_fd_sc_hd__buf_1)
                                                         net19 (net)
                      0.099497    0.000174    5.195953 v _309_/A (sky130_fd_sc_hd__or4b_2)
     2    0.010805    0.273414    1.681300    6.877252 v _309_/X (sky130_fd_sc_hd__or4b_2)
                                                         _142_ (net)
                      0.273414    0.000289    6.877542 v _310_/C (sky130_fd_sc_hd__nor3_2)
     3    0.021086    0.624595    0.572665    7.450206 ^ _310_/Y (sky130_fd_sc_hd__nor3_2)
                                                         _143_ (net)
                      0.624599    0.001227    7.451433 ^ max_cap59/A (sky130_fd_sc_hd__clkbuf_4)
    21    0.082254    0.389297    0.726153    8.177586 ^ max_cap59/X (sky130_fd_sc_hd__clkbuf_4)
                                                         net59 (net)
                      0.389385    0.005871    8.183456 ^ _326_/B1 (sky130_fd_sc_hd__a221o_1)
     1    0.016828    0.278960    0.550281    8.733738 ^ _326_/X (sky130_fd_sc_hd__a221o_1)
                                                         _153_ (net)
                      0.278960    0.000488    8.734225 ^ _328_/B1 (sky130_fd_sc_hd__o22a_1)
     1    0.002569    0.073852    0.331170    9.065395 ^ _328_/X (sky130_fd_sc_hd__o22a_1)
                                                         _088_ (net)
                      0.073852    0.000077    9.065473 ^ hold18/A (sky130_fd_sc_hd__dlygate4sd3_1)
     1    0.002400    0.087172    1.036359   10.101831 ^ hold18/X (sky130_fd_sc_hd__dlygate4sd3_1)
                                                         net101 (net)
                      0.087172    0.000067   10.101898 ^ _562_/D (sky130_fd_sc_hd__dfrtp_1)
                                             10.101898   data arrival time

                                 25.000000   25.000000   clock wb_clk_i (rise edge)
                                  0.000000   25.000000   clock source latency
     2    0.028922    0.212299    0.146581   25.146580 ^ wb_clk_i (in)
                                                         wb_clk_i (net)
                      0.212306    0.000000   25.146580 ^ clkbuf_0_wb_clk_i/A (sky130_fd_sc_hd__clkbuf_16)
    17    0.128443    0.216016    0.408626   25.555206 ^ clkbuf_0_wb_clk_i/X (sky130_fd_sc_hd__clkbuf_16)
                                                         clknet_0_wb_clk_i (net)
                      0.216505    0.007347   25.562553 ^ clkbuf_3_5__f_wb_clk_i/A (sky130_fd_sc_hd__clkbuf_16)
    13    0.049329    0.106125    0.327294   25.889847 ^ clkbuf_3_5__f_wb_clk_i/X (sky130_fd_sc_hd__clkbuf_16)
                                                         clknet_3_5__leaf_wb_clk_i (net)
                      0.106163    0.001810   25.891657 ^ _562_/CLK (sky130_fd_sc_hd__dfrtp_1)
                                 -0.250000   25.641659   clock uncertainty
                                  0.000000   25.641659   clock reconvergence pessimism
                                 -0.131027   25.510632   library setup time
                                             25.510632   data required time
---------------------------------------------------------------------------------------------
                                             25.510632   data required time
                                            -10.101898   data arrival time
---------------------------------------------------------------------------------------------
                                             15.408732   slack (MET)




===========================================================================
report_checks --slack_max -0.01
============================================================================
======================= nom_ss_100C_1v60 Corner ===================================

No paths found.


===========================================================================
 report_check_types -max_slew -max_cap -max_fanout -violators
============================================================================
======================= nom_ss_100C_1v60 Corner ===================================

max fanout

Pin                                   Limit Fanout  Slack
---------------------------------------------------------
_272_/Y                                  16     33    -17 (VIOLATED)
_303_/X                                  16     33    -17 (VIOLATED)
fanout60/X                               16     33    -17 (VIOLATED)
fanout62/X                               16     33    -17 (VIOLATED)
fanout63/X                               16     33    -17 (VIOLATED)
fanout64/X                               16     33    -17 (VIOLATED)
_302_/Y                                  16     27    -11 (VIOLATED)
clkbuf_3_0__f_wb_clk_i/X                 16     27    -11 (VIOLATED)
clkbuf_3_7__f_wb_clk_i/X                 16     23     -7 (VIOLATED)
_271_/X                                  16     21     -5 (VIOLATED)
max_cap59/X                              16     21     -5 (VIOLATED)
_290_/X                                  16     19     -3 (VIOLATED)
clkbuf_3_2__f_wb_clk_i/X                 16     19     -3 (VIOLATED)
_291_/Y                                  16     17        (VIOLATED)
_304_/X                                  16     17        (VIOLATED)
clkbuf_0_wb_clk_i/X                      16     17        (VIOLATED)
clkbuf_3_6__f_wb_clk_i/X                 16     17        (VIOLATED)
fanout65/X                               16     17        (VIOLATED)



===========================================================================
report_parasitic_annotation -report_unannotated
============================================================================
Found 69 unannotated drivers.
 wbs_adr_i[10]
 wbs_adr_i[11]
 wbs_adr_i[12]
 wbs_adr_i[13]
 wbs_adr_i[14]
 wbs_adr_i[15]
 wbs_adr_i[16]
 wbs_adr_i[17]
 wbs_adr_i[18]
 wbs_adr_i[19]
 wbs_adr_i[20]
 wbs_adr_i[21]
 wbs_adr_i[22]
 wbs_adr_i[23]
 wbs_adr_i[24]
 wbs_adr_i[25]
 wbs_adr_i[26]
 wbs_adr_i[27]
 wbs_adr_i[28]
 wbs_adr_i[29]
 wbs_adr_i[30]
 wbs_adr_i[31]
 wbs_adr_i[8]
 wbs_adr_i[9]
 wbs_dat_i[16]
 wbs_dat_i[17]
 wbs_dat_i[18]
 wbs_dat_i[19]
 wbs_dat_i[20]
 wbs_dat_i[21]
 wbs_dat_i[22]
 wbs_dat_i[23]
 wbs_dat_i[24]
 wbs_dat_i[25]
 wbs_dat_i[26]
 wbs_dat_i[27]
 wbs_dat_i[28]
 wbs_dat_i[29]
 wbs_dat_i[30]
 wbs_dat_i[31]
 wbs_sel_i[0]
 wbs_sel_i[1]
 wbs_sel_i[2]
 wbs_sel_i[3]
 clkload0/Y
 clkload1/Y
 clkload2/Y
 clkload3/Y
 clkload4/X
 clkload5/Y
 clkload6/Y
 top_soc_66/HI
 top_soc_67/HI
 top_soc_68/HI
 top_soc_69/HI
 top_soc_70/HI
 top_soc_71/HI
 top_soc_72/HI
 top_soc_73/HI
 top_soc_74/HI
 top_soc_75/HI
 top_soc_76/HI
 top_soc_77/HI
 top_soc_78/HI
 top_soc_79/HI
 top_soc_80/HI
 top_soc_81/HI
 top_soc_82/HI
 top_soc_83/HI
Found 0 partially unannotated drivers.

===========================================================================
max slew violation count 0
max fanout violation count 18
max cap violation count 0
============================================================================

===========================================================================
check_setup -verbose -unconstrained_endpoints -multiple_clock -no_clock -no_input_delay -loops -generated_clocks
===========================================================================
Warning: There are 18 unconstrained endpoints.
  user_irq[1]
  user_irq[2]
  wbs_dat_o[16]
  wbs_dat_o[17]
  wbs_dat_o[18]
  wbs_dat_o[19]
  wbs_dat_o[20]
  wbs_dat_o[21]
  wbs_dat_o[22]
  wbs_dat_o[23]
  wbs_dat_o[24]
  wbs_dat_o[25]
  wbs_dat_o[26]
  wbs_dat_o[27]
  wbs_dat_o[28]
  wbs_dat_o[29]
  wbs_dat_o[30]
  wbs_dat_o[31]
