
===========================================================================
 report_power
============================================================================
======================= nom_ss_100C_1v60 Corner ===================================

Group                    Internal    Switching      Leakage        Total
                            Power        Power        Power        Power (Watts)
------------------------------------------------------------------------
Sequential           1.044596e-04 5.109029e-06 1.533821e-06 1.111025e-04  37.1%
Combinational        2.185169e-05 2.492405e-05 2.315078e-06 4.909082e-05  16.4%
Clock                7.363701e-05 6.546466e-05 2.602729e-07 1.393619e-04  46.5%
Macro                0.000000e+00 0.000000e+00 0.000000e+00 0.000000e+00   0.0%
Pad                  0.000000e+00 0.000000e+00 0.000000e+00 0.000000e+00   0.0%
------------------------------------------------------------------------
Total                1.999483e-04 9.549772e-05 4.109223e-06 2.995553e-04 100.0%
                            66.7%        31.9%         1.4%

