
===========================================================================
 report_power
============================================================================
======================= nom_ss_100C_1v60 Corner ===================================

Group                    Internal    Switching      Leakage        Total
                            Power        Power        Power        Power (Watts)
------------------------------------------------------------------------
Sequential           1.043908e-04 3.434900e-06 1.533286e-06 1.093590e-04  38.8%
Combinational        2.154867e-05 2.343677e-05 2.272203e-06 4.725764e-05  16.8%
Clock                6.611050e-05 5.878212e-05 2.373168e-07 1.251299e-04  44.4%
Macro                0.000000e+00 0.000000e+00 0.000000e+00 0.000000e+00   0.0%
Pad                  0.000000e+00 0.000000e+00 0.000000e+00 0.000000e+00   0.0%
------------------------------------------------------------------------
Total                1.920500e-04 8.565382e-05 4.042809e-06 2.817467e-04 100.0%
                            68.2%        30.4%         1.4%

