
===========================================================================
 report_power
============================================================================
======================= min_ff_n40C_1v95 Corner ===================================

Group                    Internal    Switching      Leakage        Total
                            Power        Power        Power        Power (Watts)
------------------------------------------------------------------------
Sequential           1.580354e-04 4.990170e-06 1.353300e-09 1.630269e-04  36.7%
Combinational        3.045393e-05 7.420965e-05 4.615015e-09 1.046682e-04  23.6%
Clock                9.231400e-05 8.423244e-05 1.529607e-09 1.765480e-04  39.7%
Macro                0.000000e+00 0.000000e+00 0.000000e+00 0.000000e+00   0.0%
Pad                  0.000000e+00 0.000000e+00 0.000000e+00 0.000000e+00   0.0%
------------------------------------------------------------------------
Total                2.808036e-04 1.634323e-04 7.497909e-09 4.442433e-04 100.0%
                            63.2%        36.8%         0.0%

