
===========================================================================
Violator List
============================================================================
[hold in-reg] wbs_adr_i[2] -> mprj/_573_/D : -0.386335
[hold in-reg] wbs_dat_i[12] -> mprj/_602_/D : -0.329145
[hold in-reg] wbs_adr_i[6] -> mprj/_589_/D : -0.323131
[hold in-reg] wbs_adr_i[6] -> mprj/_586_/D : -0.321229
[hold in-reg] wbs_adr_i[6] -> mprj/_585_/D : -0.319826
[hold in-reg] wbs_adr_i[6] -> mprj/_587_/D : -0.318786
[hold in-reg] wbs_dat_i[9] -> mprj/_599_/D : -0.317067
[hold in-reg] wbs_adr_i[6] -> mprj/_588_/D : -0.310005
[hold in-reg] wbs_dat_i[14] -> mprj/_604_/D : -0.308719
[hold in-reg] wbs_dat_i[13] -> mprj/_603_/D : -0.308123
[hold in-reg] wbs_dat_i[8] -> mprj/_598_/D : -0.305789
[hold in-reg] wbs_dat_i[10] -> mprj/_600_/D : -0.304745
[hold in-reg] wbs_dat_i[15] -> mprj/_605_/D : -0.295742
[hold in-reg] wbs_dat_i[11] -> mprj/_601_/D : -0.279948
[hold in-reg] wbs_dat_i[4] -> mprj/_594_/D : -0.232713
[hold in-reg] wbs_dat_i[4] -> mprj/_578_/D : -0.232440
[hold in-reg] wbs_dat_i[7] -> mprj/_597_/D : -0.228424
[hold in-reg] wbs_dat_i[7] -> mprj/_581_/D : -0.227705
[hold in-reg] wbs_dat_i[5] -> mprj/_595_/D : -0.217952
[hold in-reg] wbs_dat_i[2] -> mprj/_592_/D : -0.215025
[hold in-reg] wbs_dat_i[5] -> mprj/_579_/D : -0.214077
[hold in-reg] wbs_dat_i[6] -> mprj/_580_/D : -0.210556
[hold in-reg] wbs_dat_i[6] -> mprj/_596_/D : -0.207626
[hold in-reg] wbs_dat_i[2] -> mprj/_576_/D : -0.205214
[hold in-reg] wbs_dat_i[0] -> mprj/_590_/D : -0.190690
[hold in-reg] wbs_dat_i[0] -> mprj/_574_/D : -0.190596
[hold in-reg] wbs_dat_i[3] -> mprj/_593_/D : -0.167288
[hold in-reg] wbs_dat_i[3] -> mprj/_577_/D : -0.165167
[hold in-reg] wbs_dat_i[1] -> mprj/_591_/D : -0.151815
[hold in-reg] wbs_dat_i[1] -> mprj/_575_/D : -0.149690
