
===========================================================================
Violator List
============================================================================
[hold in-reg] wbs_adr_i[5] -> mprj/_573_/D : -0.346878
[hold in-reg] wbs_dat_i[14] -> mprj/_604_/D : -0.330370
[hold in-reg] wbs_dat_i[12] -> mprj/_602_/D : -0.325813
[hold in-reg] wbs_dat_i[15] -> mprj/_605_/D : -0.318036
[hold in-reg] wbs_dat_i[8] -> mprj/_598_/D : -0.306887
[hold in-reg] wbs_dat_i[11] -> mprj/_601_/D : -0.302177
[hold in-reg] wbs_adr_i[5] -> mprj/_588_/D : -0.292232
[hold in-reg] wbs_adr_i[5] -> mprj/_585_/D : -0.290979
[hold in-reg] wbs_adr_i[5] -> mprj/_586_/D : -0.279957
[hold in-reg] wbs_adr_i[5] -> mprj/_589_/D : -0.276255
[hold in-reg] wbs_adr_i[5] -> mprj/_587_/D : -0.272613
[hold in-reg] wbs_dat_i[13] -> mprj/_603_/D : -0.256923
[hold in-reg] wbs_dat_i[3] -> mprj/_577_/D : -0.213706
[hold in-reg] wbs_dat_i[7] -> mprj/_581_/D : -0.213311
[hold in-reg] wbs_dat_i[4] -> mprj/_578_/D : -0.213185
[hold in-reg] wbs_dat_i[3] -> mprj/_593_/D : -0.213147
[hold in-reg] wbs_dat_i[10] -> mprj/_600_/D : -0.212133
[hold in-reg] wbs_dat_i[4] -> mprj/_594_/D : -0.210571
[hold in-reg] wbs_dat_i[9] -> mprj/_599_/D : -0.210134
[hold in-reg] wbs_dat_i[7] -> mprj/_597_/D : -0.198621
[hold in-reg] wbs_dat_i[1] -> mprj/_591_/D : -0.176685
[hold in-reg] wbs_dat_i[1] -> mprj/_575_/D : -0.173876
[hold in-reg] wbs_dat_i[6] -> mprj/_580_/D : -0.169409
[hold in-reg] wbs_dat_i[6] -> mprj/_596_/D : -0.165846
[hold in-reg] wbs_dat_i[2] -> mprj/_592_/D : -0.161469
[hold in-reg] wbs_dat_i[0] -> mprj/_590_/D : -0.160695
[hold in-reg] wbs_dat_i[0] -> mprj/_574_/D : -0.159676
[hold in-reg] wbs_dat_i[2] -> mprj/_576_/D : -0.159436
[hold in-reg] wbs_dat_i[5] -> mprj/_595_/D : -0.157781
[hold in-reg] wbs_dat_i[5] -> mprj/_579_/D : -0.156286
