
===========================================================================
 report_power
============================================================================
======================= max_ff_n40C_1v95 Corner ===================================

Group                    Internal    Switching      Leakage        Total
                            Power        Power        Power        Power (Watts)
------------------------------------------------------------------------
Sequential           1.579671e-04 5.464310e-06 1.353300e-09 1.634327e-04  35.9%
Combinational        3.056032e-05 7.770647e-05 4.615015e-09 1.082714e-04  23.8%
Clock                9.242453e-05 9.059680e-05 1.529607e-09 1.830229e-04  40.2%
Macro                0.000000e+00 0.000000e+00 0.000000e+00 0.000000e+00   0.0%
Pad                  0.000000e+00 0.000000e+00 0.000000e+00 0.000000e+00   0.0%
------------------------------------------------------------------------
Total                2.809521e-04 1.737676e-04 7.497909e-09 4.547272e-04 100.0%
                            61.8%        38.2%         0.0%

