
===========================================================================
Violator List
============================================================================
[hold in-reg] wbs_adr_i[5] -> mprj/_573_/D : -0.350489
[hold in-reg] wbs_dat_i[14] -> mprj/_604_/D : -0.343868
[hold in-reg] wbs_dat_i[12] -> mprj/_602_/D : -0.337585
[hold in-reg] wbs_dat_i[15] -> mprj/_605_/D : -0.327296
[hold in-reg] wbs_dat_i[8] -> mprj/_598_/D : -0.315474
[hold in-reg] wbs_dat_i[11] -> mprj/_601_/D : -0.308852
[hold in-reg] wbs_adr_i[5] -> mprj/_585_/D : -0.285710
[hold in-reg] wbs_adr_i[5] -> mprj/_588_/D : -0.284484
[hold in-reg] wbs_adr_i[5] -> mprj/_586_/D : -0.270856
[hold in-reg] wbs_adr_i[5] -> mprj/_589_/D : -0.267956
[hold in-reg] wbs_adr_i[5] -> mprj/_587_/D : -0.262796
[hold in-reg] wbs_dat_i[13] -> mprj/_603_/D : -0.257287
[hold in-reg] wbs_dat_i[7] -> mprj/_581_/D : -0.216660
[hold in-reg] wbs_dat_i[3] -> mprj/_577_/D : -0.214873
[hold in-reg] wbs_dat_i[4] -> mprj/_578_/D : -0.214562
[hold in-reg] wbs_dat_i[3] -> mprj/_593_/D : -0.211835
[hold in-reg] wbs_dat_i[4] -> mprj/_594_/D : -0.211700
[hold in-reg] wbs_dat_i[9] -> mprj/_599_/D : -0.205797
[hold in-reg] wbs_dat_i[7] -> mprj/_597_/D : -0.199758
[hold in-reg] wbs_dat_i[10] -> mprj/_600_/D : -0.197558
[hold in-reg] wbs_dat_i[1] -> mprj/_591_/D : -0.171974
[hold in-reg] wbs_dat_i[1] -> mprj/_575_/D : -0.171724
[hold in-reg] wbs_dat_i[6] -> mprj/_580_/D : -0.168732
[hold in-reg] wbs_dat_i[6] -> mprj/_596_/D : -0.162276
[hold in-reg] wbs_dat_i[5] -> mprj/_595_/D : -0.153984
[hold in-reg] wbs_dat_i[2] -> mprj/_592_/D : -0.152904
[hold in-reg] wbs_dat_i[5] -> mprj/_579_/D : -0.152045
[hold in-reg] wbs_dat_i[2] -> mprj/_576_/D : -0.151143
[hold in-reg] wbs_dat_i[0] -> mprj/_590_/D : -0.140595
[hold in-reg] wbs_dat_i[0] -> mprj/_574_/D : -0.140215
