Clock: wb_clk_i
Sources: wb_clk_i 
Generated: no
Virtual: yes
Propagated: no
Period: 25.000000

===========================================================================
report_clock_properties
============================================================================
Clock                   Period          Waveform
----------------------------------------------------
wb_clk_i             25.000000    0.000000 12.500000

===========================================================================
report_clock_latency
============================================================================
Clock wb_clk_i
rise -> rise
    min     max
0.000000 0.000000 source latency
0.502474         network latency _546_/CLK
        0.522144 network latency _536_/CLK
---------------
0.502474 0.522144 latency
        0.019670 skew

fall -> fall
    min     max
0.000000 0.000000 source latency
0.432459         network latency _555_/CLK
        0.447888 network latency _536_/CLK
---------------
0.432459 0.447888 latency
        0.015429 skew



===========================================================================
report_clock_min_period
============================================================================
wb_clk_i period_min = 4.71 fmax = 212.27
