
===========================================================================
 report_power
============================================================================
======================= min_ss_100C_1v60 Corner ===================================

Group                    Internal    Switching      Leakage        Total
                            Power        Power        Power        Power (Watts)
------------------------------------------------------------------------
Sequential           1.044085e-04 3.266312e-06 1.533286e-06 1.092081e-04  39.2%
Combinational        2.154247e-05 2.274349e-05 2.272203e-06 4.655816e-05  16.7%
Clock                6.611041e-05 5.646453e-05 2.373168e-07 1.228122e-04  44.1%
Macro                0.000000e+00 0.000000e+00 0.000000e+00 0.000000e+00   0.0%
Pad                  0.000000e+00 0.000000e+00 0.000000e+00 0.000000e+00   0.0%
------------------------------------------------------------------------
Total                1.920614e-04 8.247437e-05 4.042809e-06 2.785786e-04 100.0%
                            68.9%        29.6%         1.5%

