
===========================================================================
 report_power
============================================================================
======================= min_ss_100C_1v60 Corner ===================================

Group                    Internal    Switching      Leakage        Total
                            Power        Power        Power        Power (Watts)
------------------------------------------------------------------------
Sequential           1.044740e-04 4.821875e-06 1.533821e-06 1.108297e-04  37.4%
Combinational        2.184336e-05 2.411538e-05 2.315078e-06 4.827382e-05  16.3%
Clock                7.362258e-05 6.297424e-05 2.602729e-07 1.368571e-04  46.2%
Macro                0.000000e+00 0.000000e+00 0.000000e+00 0.000000e+00   0.0%
Pad                  0.000000e+00 0.000000e+00 0.000000e+00 0.000000e+00   0.0%
------------------------------------------------------------------------
Total                1.999400e-04 9.191153e-05 4.109223e-06 2.959607e-04 100.0%
                            67.6%        31.1%         1.4%

