
===========================================================================
 report_power
============================================================================
======================= max_tt_025C_1v80 Corner ===================================

Group                    Internal    Switching      Leakage        Total
                            Power        Power        Power        Power (Watts)
------------------------------------------------------------------------
Sequential           1.360979e-04 6.774711e-06 9.632092e-10 1.428736e-04  37.8%
Combinational        2.726805e-05 3.257381e-05 2.634784e-09 5.984449e-05  15.8%
Clock                9.016291e-05 8.552384e-05 8.275962e-10 1.756876e-04  46.4%
Macro                0.000000e+00 0.000000e+00 0.000000e+00 0.000000e+00   0.0%
Pad                  0.000000e+00 0.000000e+00 0.000000e+00 0.000000e+00   0.0%
------------------------------------------------------------------------
Total                2.535287e-04 1.248724e-04 4.425588e-09 3.784055e-04 100.0%
                            67.0%        33.0%         0.0%

