Clock: wb_clk_i
Sources: wb_clk_i 
Generated: no
Virtual: yes
Propagated: no
Period: 25.000000

===========================================================================
report_clock_properties
============================================================================
Clock                   Period          Waveform
----------------------------------------------------
wb_clk_i             25.000000    0.000000 12.500000

===========================================================================
report_clock_latency
============================================================================
Clock wb_clk_i
rise -> rise
    min     max
0.000000 0.000000 source latency
0.346720         network latency _599_/CLK
        0.367691 network latency _569_/CLK
---------------
0.346720 0.367691 latency
        0.020971 skew

fall -> fall
    min     max
0.000000 0.000000 source latency
0.294489         network latency _599_/CLK
        0.310105 network latency _569_/CLK
---------------
0.294489 0.310105 latency
        0.015616 skew



===========================================================================
report_clock_min_period
============================================================================
wb_clk_i period_min = 3.16 fmax = 316.69
