
===========================================================================
report_checks -unconstrained
===========================================================================
======================= nom_ff_n40C_1v95 Corner ===================================

Startpoint: wb_rst_i (input port clocked by wb_clk_i)
Endpoint: _581_ (recovery check against rising-edge clock wb_clk_i)
Path Group: asynchronous
Path Type: max

Fanout         Cap        Slew       Delay        Time   Description
---------------------------------------------------------------------------------------------
                                  0.000000    0.000000   clock wb_clk_i (rise edge)
                                  0.000000    0.000000   clock network delay (propagated)
                                  5.000000    5.000000 v input external delay
     2    0.003873    0.006301    0.003218    5.003219 v wb_rst_i (in)
                                                         wb_rst_i (net)
                      0.006302    0.000000    5.003219 v input13/A (sky130_fd_sc_hd__clkbuf_2)
     5    0.031408    0.084770    0.111256    5.114475 v input13/X (sky130_fd_sc_hd__clkbuf_2)
                                                         net13 (net)
                      0.084777    0.000642    5.115117 v fanout65/A (sky130_fd_sc_hd__buf_4)
    17    0.084860    0.081281    0.164103    5.279220 v fanout65/X (sky130_fd_sc_hd__buf_4)
                                                         net65 (net)
                      0.081313    0.001411    5.280630 v fanout64/A (sky130_fd_sc_hd__buf_8)
    33    0.135473    0.076400    0.141685    5.422316 v fanout64/X (sky130_fd_sc_hd__buf_8)
                                                         net64 (net)
                      0.076527    0.002692    5.425008 v fanout63/A (sky130_fd_sc_hd__buf_8)
    33    0.118451    0.067407    0.138446    5.563454 v fanout63/X (sky130_fd_sc_hd__buf_8)
                                                         net63 (net)
                      0.068795    0.007673    5.571126 v _501_/A (sky130_fd_sc_hd__inv_2)
     1    0.003972    0.026878    0.043342    5.614469 ^ _501_/Y (sky130_fd_sc_hd__inv_2)
                                                         _054_ (net)
                      0.026878    0.000081    5.614550 ^ _581_/SET_B (sky130_fd_sc_hd__dfstp_1)
                                              5.614550   data arrival time

                                 25.000000   25.000000   clock wb_clk_i (rise edge)
                                  0.000000   25.000000   clock source latency
     2    0.028789    0.100875    0.069752   25.069752 ^ wb_clk_i (in)
                                                         wb_clk_i (net)
                      0.100892    0.000000   25.069752 ^ clkbuf_0_wb_clk_i/A (sky130_fd_sc_hd__clkbuf_16)
    17    0.127177    0.108223    0.161029   25.230780 ^ clkbuf_0_wb_clk_i/X (sky130_fd_sc_hd__clkbuf_16)
                                                         clknet_0_wb_clk_i (net)
                      0.108993    0.007253   25.238033 ^ clkbuf_3_5__f_wb_clk_i/A (sky130_fd_sc_hd__clkbuf_16)
    13    0.051432    0.053889    0.123929   25.361961 ^ clkbuf_3_5__f_wb_clk_i/X (sky130_fd_sc_hd__clkbuf_16)
                                                         clknet_3_5__leaf_wb_clk_i (net)
                      0.053953    0.001632   25.363594 ^ _581_/CLK (sky130_fd_sc_hd__dfstp_1)
                                 -0.250000   25.113596   clock uncertainty
                                  0.000000   25.113596   clock reconvergence pessimism
                                  0.088394   25.201988   library recovery time
                                             25.201988   data required time
---------------------------------------------------------------------------------------------
                                             25.201988   data required time
                                             -5.614550   data arrival time
---------------------------------------------------------------------------------------------
                                             19.587440   slack (MET)


Startpoint: _582_ (rising edge-triggered flip-flop clocked by wb_clk_i)
Endpoint: user_irq[0] (output port clocked by wb_clk_i)
Path Group: wb_clk_i
Path Type: max

Fanout         Cap        Slew       Delay        Time   Description
---------------------------------------------------------------------------------------------
                                  0.000000    0.000000   clock wb_clk_i (rise edge)
                                  0.000000    0.000000   clock source latency
     2    0.028789    0.100875    0.069752    0.069752 ^ wb_clk_i (in)
                                                         wb_clk_i (net)
                      0.100892    0.000000    0.069752 ^ clkbuf_0_wb_clk_i/A (sky130_fd_sc_hd__clkbuf_16)
    17    0.127177    0.108223    0.161028    0.230780 ^ clkbuf_0_wb_clk_i/X (sky130_fd_sc_hd__clkbuf_16)
                                                         clknet_0_wb_clk_i (net)
                      0.108820    0.006406    0.237186 ^ clkbuf_3_4__f_wb_clk_i/A (sky130_fd_sc_hd__clkbuf_16)
    14    0.052900    0.054944    0.124687    0.361872 ^ clkbuf_3_4__f_wb_clk_i/X (sky130_fd_sc_hd__clkbuf_16)
                                                         clknet_3_4__leaf_wb_clk_i (net)
                      0.054967    0.001098    0.362971 ^ _582_/CLK (sky130_fd_sc_hd__dfrtp_1)
     3    0.010060    0.051199    0.255036    0.618007 v _582_/Q (sky130_fd_sc_hd__dfrtp_1)
                                                         u_regs.irq_latched[0] (net)
                      0.051199    0.000228    0.618235 v _346_/B (sky130_fd_sc_hd__or4_1)
     1    0.007770    0.074816    0.314066    0.932301 v _346_/X (sky130_fd_sc_hd__or4_1)
                                                         _167_ (net)
                      0.074816    0.000323    0.932624 v _347_/B (sky130_fd_sc_hd__or2_1)
     1    0.011209    0.058589    0.166260    1.098884 v _347_/X (sky130_fd_sc_hd__or2_1)
                                                         irq (net)
                      0.058594    0.000564    1.099449 v _628_/A (sky130_fd_sc_hd__clkbuf_1)
     1    0.002249    0.016880    0.065297    1.164745 v _628_/X (sky130_fd_sc_hd__clkbuf_1)
                                                         net41 (net)
                      0.016880    0.000064    1.164810 v output41/A (sky130_fd_sc_hd__buf_2)
     1    0.034062    0.062425    0.111996    1.276806 v output41/X (sky130_fd_sc_hd__buf_2)
                                                         user_irq[0] (net)
                      0.062431    0.000637    1.277443 v user_irq[0] (out)
                                              1.277443   data arrival time

                                 25.000000   25.000000   clock wb_clk_i (rise edge)
                                  0.000000   25.000000   clock network delay (propagated)
                                 -0.250000   24.750000   clock uncertainty
                                  0.000000   24.750000   clock reconvergence pessimism
                                 -5.000000   19.750000   output external delay
                                             19.750000   data required time
---------------------------------------------------------------------------------------------
                                             19.750000   data required time
                                             -1.277443   data arrival time
---------------------------------------------------------------------------------------------
                                             18.472555   slack (MET)




===========================================================================
report_checks --slack_max -0.01
============================================================================
======================= nom_ff_n40C_1v95 Corner ===================================

No paths found.


===========================================================================
 report_check_types -max_slew -max_cap -max_fanout -violators
============================================================================
======================= nom_ff_n40C_1v95 Corner ===================================

max fanout

Pin                                   Limit Fanout  Slack
---------------------------------------------------------
_272_/Y                                  16     33    -17 (VIOLATED)
_303_/X                                  16     33    -17 (VIOLATED)
fanout60/X                               16     33    -17 (VIOLATED)
fanout62/X                               16     33    -17 (VIOLATED)
fanout63/X                               16     33    -17 (VIOLATED)
fanout64/X                               16     33    -17 (VIOLATED)
_302_/Y                                  16     27    -11 (VIOLATED)
clkbuf_3_0__f_wb_clk_i/X                 16     27    -11 (VIOLATED)
clkbuf_3_7__f_wb_clk_i/X                 16     23     -7 (VIOLATED)
_271_/X                                  16     21     -5 (VIOLATED)
max_cap59/X                              16     21     -5 (VIOLATED)
_290_/X                                  16     19     -3 (VIOLATED)
clkbuf_3_2__f_wb_clk_i/X                 16     19     -3 (VIOLATED)
_291_/Y                                  16     17        (VIOLATED)
_304_/X                                  16     17        (VIOLATED)
clkbuf_0_wb_clk_i/X                      16     17        (VIOLATED)
clkbuf_3_6__f_wb_clk_i/X                 16     17        (VIOLATED)
fanout65/X                               16     17        (VIOLATED)



===========================================================================
report_parasitic_annotation -report_unannotated
============================================================================
Found 69 unannotated drivers.
 wbs_adr_i[10]
 wbs_adr_i[11]
 wbs_adr_i[12]
 wbs_adr_i[13]
 wbs_adr_i[14]
 wbs_adr_i[15]
 wbs_adr_i[16]
 wbs_adr_i[17]
 wbs_adr_i[18]
 wbs_adr_i[19]
 wbs_adr_i[20]
 wbs_adr_i[21]
 wbs_adr_i[22]
 wbs_adr_i[23]
 wbs_adr_i[24]
 wbs_adr_i[25]
 wbs_adr_i[26]
 wbs_adr_i[27]
 wbs_adr_i[28]
 wbs_adr_i[29]
 wbs_adr_i[30]
 wbs_adr_i[31]
 wbs_adr_i[8]
 wbs_adr_i[9]
 wbs_dat_i[16]
 wbs_dat_i[17]
 wbs_dat_i[18]
 wbs_dat_i[19]
 wbs_dat_i[20]
 wbs_dat_i[21]
 wbs_dat_i[22]
 wbs_dat_i[23]
 wbs_dat_i[24]
 wbs_dat_i[25]
 wbs_dat_i[26]
 wbs_dat_i[27]
 wbs_dat_i[28]
 wbs_dat_i[29]
 wbs_dat_i[30]
 wbs_dat_i[31]
 wbs_sel_i[0]
 wbs_sel_i[1]
 wbs_sel_i[2]
 wbs_sel_i[3]
 clkload0/Y
 clkload1/Y
 clkload2/Y
 clkload3/Y
 clkload4/X
 clkload5/Y
 clkload6/Y
 top_soc_66/HI
 top_soc_67/HI
 top_soc_68/HI
 top_soc_69/HI
 top_soc_70/HI
 top_soc_71/HI
 top_soc_72/HI
 top_soc_73/HI
 top_soc_74/HI
 top_soc_75/HI
 top_soc_76/HI
 top_soc_77/HI
 top_soc_78/HI
 top_soc_79/HI
 top_soc_80/HI
 top_soc_81/HI
 top_soc_82/HI
 top_soc_83/HI
Found 0 partially unannotated drivers.

===========================================================================
max slew violation count 0
max fanout violation count 18
max cap violation count 0
============================================================================

===========================================================================
check_setup -verbose -unconstrained_endpoints -multiple_clock -no_clock -no_input_delay -loops -generated_clocks
===========================================================================
Warning: There are 18 unconstrained endpoints.
  user_irq[1]
  user_irq[2]
  wbs_dat_o[16]
  wbs_dat_o[17]
  wbs_dat_o[18]
  wbs_dat_o[19]
  wbs_dat_o[20]
  wbs_dat_o[21]
  wbs_dat_o[22]
  wbs_dat_o[23]
  wbs_dat_o[24]
  wbs_dat_o[25]
  wbs_dat_o[26]
  wbs_dat_o[27]
  wbs_dat_o[28]
  wbs_dat_o[29]
  wbs_dat_o[30]
  wbs_dat_o[31]
