
===========================================================================
 report_power
============================================================================
======================= nom_ff_n40C_1v95 Corner ===================================

Group                    Internal    Switching      Leakage        Total
                            Power        Power        Power        Power (Watts)
------------------------------------------------------------------------
Sequential           1.581088e-04 7.634989e-06 1.357835e-09 1.657451e-04  38.2%
Combinational        3.107764e-05 3.738677e-05 5.435173e-09 6.846985e-05  15.8%
Clock                1.028554e-04 9.698996e-05 1.621340e-09 1.998470e-04  46.0%
Macro                0.000000e+00 0.000000e+00 0.000000e+00 0.000000e+00   0.0%
Pad                  0.000000e+00 0.000000e+00 0.000000e+00 0.000000e+00   0.0%
------------------------------------------------------------------------
Total                2.920419e-04 1.420118e-04 8.414335e-09 4.340621e-04 100.0%
                            67.3%        32.7%         0.0%

