Clock: clk
Sources: wb_clk_i 
Generated: no
Virtual: yes
Propagated: no
Period: 25.000000

===========================================================================
report_clock_properties
============================================================================
Clock                   Period          Waveform
----------------------------------------------------
clk                  25.000000    0.000000 12.500000

===========================================================================
report_clock_latency
============================================================================
Clock clk
rise -> rise
    min     max
4.650000 5.570000 source latency
5.178824         network latency mprj/_599_/CLK
        6.129364 network latency mprj/_569_/CLK
---------------
9.828824 11.699364 latency
        1.870539 skew

fall -> fall
    min     max
4.650000 5.570000 source latency
5.278329         network latency mprj/_599_/CLK
        6.221697 network latency mprj/_569_/CLK
---------------
9.928329 11.791697 latency
        1.863368 skew



===========================================================================
report_clock_min_period
============================================================================
clk period_min = 4.79 fmax = 208.95
