
===========================================================================
 report_power
============================================================================
======================= nom_tt_025C_1v80 Corner ===================================

Group                    Internal    Switching      Leakage        Total
                            Power        Power        Power        Power (Watts)
------------------------------------------------------------------------
Sequential           1.360975e-04 6.478975e-06 9.632092e-10 1.425774e-04  34.6%
Combinational        2.668696e-05 7.031230e-05 2.634784e-09 9.700189e-05  23.5%
Clock                8.971818e-05 8.274186e-05 8.275962e-10 1.724609e-04  41.9%
Macro                0.000000e+00 0.000000e+00 0.000000e+00 0.000000e+00   0.0%
Pad                  0.000000e+00 0.000000e+00 0.000000e+00 0.000000e+00   0.0%
------------------------------------------------------------------------
Total                2.525024e-04 1.595331e-04 4.425588e-09 4.120400e-04 100.0%
                            61.3%        38.7%         0.0%

