
===========================================================================
Violator List
============================================================================
[hold in-reg] wbs_dat_i[14] -> mprj/_604_/D : -0.461379
[hold in-reg] wbs_dat_i[12] -> mprj/_602_/D : -0.455208
[hold in-reg] wbs_dat_i[15] -> mprj/_605_/D : -0.441990
[hold in-reg] wbs_dat_i[8] -> mprj/_598_/D : -0.424133
[hold in-reg] wbs_dat_i[11] -> mprj/_601_/D : -0.416366
[hold in-reg] wbs_adr_i[5] -> mprj/_573_/D : -0.358621
[hold in-reg] wbs_dat_i[4] -> mprj/_586_/D : -0.349149
[hold in-reg] wbs_dat_i[3] -> mprj/_585_/D : -0.347427
[hold in-reg] wbs_dat_i[13] -> mprj/_603_/D : -0.341695
[hold in-reg] wbs_dat_i[7] -> mprj/_589_/D : -0.325394
[hold in-reg] wbs_dat_i[7] -> mprj/_581_/D : -0.288056
[hold in-reg] wbs_dat_i[3] -> mprj/_577_/D : -0.287267
[hold in-reg] wbs_dat_i[4] -> mprj/_578_/D : -0.285981
[hold in-reg] wbs_dat_i[3] -> mprj/_593_/D : -0.285972
[hold in-reg] wbs_dat_i[6] -> mprj/_588_/D : -0.285957
[hold in-reg] wbs_dat_i[4] -> mprj/_594_/D : -0.280990
[hold in-reg] wbs_dat_i[10] -> mprj/_600_/D : -0.265364
[hold in-reg] wbs_dat_i[9] -> mprj/_599_/D : -0.264049
[hold in-reg] wbs_dat_i[7] -> mprj/_597_/D : -0.262643
[hold in-reg] wbs_dat_i[5] -> mprj/_587_/D : -0.253582
[hold in-reg] wbs_dat_i[1] -> mprj/_591_/D : -0.223400
[hold in-reg] wbs_dat_i[1] -> mprj/_575_/D : -0.218311
[hold in-reg] wbs_dat_i[6] -> mprj/_580_/D : -0.211485
[hold in-reg] wbs_dat_i[6] -> mprj/_596_/D : -0.205057
[hold in-reg] wbs_dat_i[0] -> mprj/_590_/D : -0.200169
[hold in-reg] wbs_dat_i[0] -> mprj/_574_/D : -0.198820
[hold in-reg] wbs_dat_i[2] -> mprj/_592_/D : -0.197069
[hold in-reg] wbs_dat_i[2] -> mprj/_576_/D : -0.193567
[hold in-reg] wbs_dat_i[5] -> mprj/_595_/D : -0.191585
[hold in-reg] wbs_dat_i[5] -> mprj/_579_/D : -0.189390
