
===========================================================================
Violator List
============================================================================
[hold in-reg] wbs_dat_i[12] -> mprj/_602_/D : -0.460268
[hold in-reg] wbs_dat_i[9] -> mprj/_599_/D : -0.440021
[hold in-reg] wbs_adr_i[2] -> mprj/_573_/D : -0.429926
[hold in-reg] wbs_dat_i[14] -> mprj/_604_/D : -0.426028
[hold in-reg] wbs_dat_i[13] -> mprj/_603_/D : -0.424572
[hold in-reg] wbs_dat_i[8] -> mprj/_598_/D : -0.422011
[hold in-reg] wbs_dat_i[10] -> mprj/_600_/D : -0.417854
[hold in-reg] wbs_dat_i[15] -> mprj/_605_/D : -0.406458
[hold in-reg] wbs_dat_i[7] -> mprj/_589_/D : -0.377660
[hold in-reg] wbs_dat_i[11] -> mprj/_601_/D : -0.377318
[hold in-reg] wbs_dat_i[4] -> mprj/_586_/D : -0.374933
[hold in-reg] wbs_dat_i[5] -> mprj/_587_/D : -0.352378
[hold in-reg] wbs_dat_i[6] -> mprj/_588_/D : -0.336803
[hold in-reg] wbs_adr_i[2] -> mprj/_585_/D : -0.326777
[hold in-reg] wbs_dat_i[4] -> mprj/_594_/D : -0.305466
[hold in-reg] wbs_dat_i[4] -> mprj/_578_/D : -0.304950
[hold in-reg] wbs_dat_i[7] -> mprj/_597_/D : -0.300722
[hold in-reg] wbs_dat_i[7] -> mprj/_581_/D : -0.299902
[hold in-reg] wbs_dat_i[5] -> mprj/_595_/D : -0.293383
[hold in-reg] wbs_dat_i[2] -> mprj/_592_/D : -0.290650
[hold in-reg] wbs_dat_i[5] -> mprj/_579_/D : -0.286529
[hold in-reg] wbs_dat_i[6] -> mprj/_580_/D : -0.280840
[hold in-reg] wbs_dat_i[6] -> mprj/_596_/D : -0.275980
[hold in-reg] wbs_dat_i[2] -> mprj/_576_/D : -0.272395
[hold in-reg] wbs_dat_i[0] -> mprj/_574_/D : -0.233937
[hold in-reg] wbs_dat_i[0] -> mprj/_590_/D : -0.233709
[hold in-reg] wbs_dat_i[3] -> mprj/_593_/D : -0.206262
[hold in-reg] wbs_dat_i[3] -> mprj/_577_/D : -0.202505
[hold in-reg] wbs_dat_i[1] -> mprj/_591_/D : -0.181190
[hold in-reg] wbs_dat_i[1] -> mprj/_575_/D : -0.177327
