
===========================================================================
 report_power
============================================================================
======================= min_ss_100C_1v60 Corner ===================================

Group                    Internal    Switching      Leakage        Total
                            Power        Power        Power        Power (Watts)
------------------------------------------------------------------------
Sequential           1.044721e-04 4.821875e-06 1.533821e-06 1.108278e-04  34.1%
Combinational        2.128791e-05 5.364912e-05 2.315078e-06 7.725210e-05  23.8%
Clock                7.336609e-05 6.297424e-05 2.602729e-07 1.366006e-04  42.1%
Macro                0.000000e+00 0.000000e+00 0.000000e+00 0.000000e+00   0.0%
Pad                  0.000000e+00 0.000000e+00 0.000000e+00 0.000000e+00   0.0%
------------------------------------------------------------------------
Total                1.991261e-04 1.214452e-04 4.109223e-06 3.246805e-04 100.0%
                            61.3%        37.4%         1.3%

