
===========================================================================
 report_power
============================================================================
======================= min_ss_100C_1v60 Corner ===================================

Group                    Internal    Switching      Leakage        Total
                            Power        Power        Power        Power (Watts)
------------------------------------------------------------------------
Sequential           1.044082e-04 3.266312e-06 1.533286e-06 1.092078e-04  35.8%
Combinational        2.101485e-05 4.964929e-05 2.272203e-06 7.293635e-05  23.9%
Clock                6.584714e-05 5.646453e-05 2.373168e-07 1.225490e-04  40.2%
Macro                0.000000e+00 0.000000e+00 0.000000e+00 0.000000e+00   0.0%
Pad                  0.000000e+00 0.000000e+00 0.000000e+00 0.000000e+00   0.0%
------------------------------------------------------------------------
Total                1.912702e-04 1.093802e-04 4.042809e-06 3.046932e-04 100.0%
                            62.8%        35.9%         1.3%

