
===========================================================================
Violator List
============================================================================
[hold in-reg] wbs_dat_i[12] -> mprj/_602_/D : -0.630845
[hold in-reg] wbs_dat_i[9] -> mprj/_599_/D : -0.609283
[hold in-reg] wbs_dat_i[10] -> mprj/_600_/D : -0.589108
[hold in-reg] wbs_dat_i[14] -> mprj/_604_/D : -0.581233
[hold in-reg] wbs_dat_i[8] -> mprj/_598_/D : -0.580946
[hold in-reg] wbs_dat_i[13] -> mprj/_603_/D : -0.578763
[hold in-reg] wbs_dat_i[15] -> mprj/_605_/D : -0.550085
[hold in-reg] wbs_dat_i[11] -> mprj/_601_/D : -0.523363
[hold in-reg] wbs_dat_i[4] -> mprj/_586_/D : -0.486383
[hold in-reg] wbs_dat_i[7] -> mprj/_589_/D : -0.483835
[hold in-reg] wbs_dat_i[5] -> mprj/_587_/D : -0.446511
[hold in-reg] wbs_adr_i[2] -> mprj/_573_/D : -0.420820
[hold in-reg] wbs_dat_i[6] -> mprj/_588_/D : -0.420241
[hold in-reg] wbs_dat_i[4] -> mprj/_594_/D : -0.387698
[hold in-reg] wbs_dat_i[4] -> mprj/_578_/D : -0.387230
[hold in-reg] wbs_dat_i[7] -> mprj/_597_/D : -0.370138
[hold in-reg] wbs_dat_i[7] -> mprj/_581_/D : -0.369199
[hold in-reg] wbs_dat_i[2] -> mprj/_592_/D : -0.358976
[hold in-reg] wbs_dat_i[5] -> mprj/_595_/D : -0.357868
[hold in-reg] wbs_dat_i[5] -> mprj/_579_/D : -0.353907
[hold in-reg] wbs_dat_i[6] -> mprj/_580_/D : -0.344732
[hold in-reg] wbs_dat_i[6] -> mprj/_596_/D : -0.338131
[hold in-reg] wbs_dat_i[2] -> mprj/_576_/D : -0.334844
[hold in-reg] wbs_dat_i[3] -> mprj/_585_/D : -0.323314
[hold in-reg] wbs_dat_i[0] -> mprj/_574_/D : -0.271057
[hold in-reg] wbs_dat_i[0] -> mprj/_590_/D : -0.263977
[hold in-reg] wbs_dat_i[3] -> mprj/_593_/D : -0.220973
[hold in-reg] wbs_dat_i[3] -> mprj/_577_/D : -0.220858
[hold in-reg] wbs_dat_i[1] -> mprj/_575_/D : -0.180144
[hold in-reg] wbs_dat_i[1] -> mprj/_591_/D : -0.179645
