
===========================================================================
Violator List
============================================================================
[hold in-reg] wbs_dat_i[14] -> mprj/_604_/D : -0.631351
[hold in-reg] wbs_dat_i[12] -> mprj/_602_/D : -0.624676
[hold in-reg] wbs_dat_i[15] -> mprj/_605_/D : -0.605259
[hold in-reg] wbs_dat_i[8] -> mprj/_598_/D : -0.581878
[hold in-reg] wbs_dat_i[11] -> mprj/_601_/D : -0.566522
[hold in-reg] wbs_dat_i[4] -> mprj/_586_/D : -0.444009
[hold in-reg] wbs_dat_i[13] -> mprj/_603_/D : -0.441206
[hold in-reg] wbs_dat_i[3] -> mprj/_585_/D : -0.440652
[hold in-reg] wbs_dat_i[7] -> mprj/_589_/D : -0.403276
[hold in-reg] wbs_dat_i[3] -> mprj/_577_/D : -0.356567
[hold in-reg] wbs_dat_i[4] -> mprj/_578_/D : -0.355587
[hold in-reg] wbs_dat_i[7] -> mprj/_581_/D : -0.355211
[hold in-reg] wbs_dat_i[10] -> mprj/_600_/D : -0.352850
[hold in-reg] wbs_dat_i[3] -> mprj/_593_/D : -0.348812
[hold in-reg] wbs_dat_i[4] -> mprj/_594_/D : -0.348048
[hold in-reg] wbs_dat_i[6] -> mprj/_588_/D : -0.334803
[hold in-reg] wbs_dat_i[9] -> mprj/_599_/D : -0.322197
[hold in-reg] wbs_dat_i[7] -> mprj/_597_/D : -0.316649
[hold in-reg] wbs_dat_i[5] -> mprj/_587_/D : -0.284527
[hold in-reg] wbs_dat_i[1] -> mprj/_591_/D : -0.251958
[hold in-reg] wbs_dat_i[1] -> mprj/_575_/D : -0.249741
[hold in-reg] wbs_dat_i[0] -> mprj/_574_/D : -0.249069
[hold in-reg] wbs_dat_i[0] -> mprj/_590_/D : -0.244775
[hold in-reg] wbs_adr_i[5] -> mprj/_573_/D : -0.239794
[hold in-reg] wbs_dat_i[6] -> mprj/_580_/D : -0.234414
[hold in-reg] wbs_dat_i[6] -> mprj/_596_/D : -0.226269
[hold in-reg] wbs_dat_i[2] -> mprj/_576_/D : -0.215395
[hold in-reg] wbs_dat_i[2] -> mprj/_592_/D : -0.214174
[hold in-reg] wbs_dat_i[5] -> mprj/_579_/D : -0.202185
[hold in-reg] wbs_dat_i[5] -> mprj/_595_/D : -0.198482
