┏━━━━━━━━━━━━━━━━━━━━━━┳━━━━━━━━━━┳━━━━━━━━━━┳━━━━━━━━━━┳━━━━━━━━━━┳━━━━━━━━━━━┳━━━━━━━━━━┳━━━━━━━━━━━┳━━━━━━━━━━┳━━━━━━━━━━━┳━━━━━━━━━━┳━━━━━━━━━━━┳━━━━━━━━━━┓
┃                      ┃ Hold     ┃ Reg to   ┃          ┃          ┃ of which  ┃ Setup    ┃           ┃          ┃           ┃ of which ┃           ┃          ┃
┃                      ┃ Worst    ┃ Reg      ┃          ┃ Hold Vio ┃ reg to    ┃ Worst    ┃ Reg to    ┃ Setup    ┃ Setup Vio ┃ reg to   ┃ Max Cap   ┃ Max Slew ┃
┃ Corner/Group         ┃ Slack    ┃ Paths    ┃ Hold TNS ┃ Count    ┃ reg       ┃ Slack    ┃ Reg Paths ┃ TNS      ┃ Count     ┃ reg      ┃ Violatio… ┃ Violati… ┃
┡━━━━━━━━━━━━━━━━━━━━━━╇━━━━━━━━━━╇━━━━━━━━━━╇━━━━━━━━━━╇━━━━━━━━━━╇━━━━━━━━━━━╇━━━━━━━━━━╇━━━━━━━━━━━╇━━━━━━━━━━╇━━━━━━━━━━━╇━━━━━━━━━━╇━━━━━━━━━━━╇━━━━━━━━━━┩
│ Overall              │ 0.4357   │ 0.4357   │ 0.0000   │ 0        │ 0         │ 15.3653  │ 15.6470   │ 0.0000   │ 0         │ 0        │ 0         │ 6        │
│ nom_tt_025C_1v80     │ 0.7849   │ 0.7849   │ 0.0000   │ 0        │ 0         │ 17.7113  │ 20.2142   │ 0.0000   │ 0         │ 0        │ 0         │ 0        │
│ nom_ss_100C_1v60     │ 1.7980   │ 1.7980   │ 0.0000   │ 0        │ 0         │ 15.4317  │ 15.7021   │ 0.0000   │ 0         │ 0        │ 0         │ 6        │
│ nom_ff_n40C_1v95     │ 0.4377   │ 0.4377   │ 0.0000   │ 0        │ 0         │ 18.4598  │ 21.8235   │ 0.0000   │ 0         │ 0        │ 0         │ 0        │
│ min_tt_025C_1v80     │ 0.7818   │ 0.7818   │ 0.0000   │ 0        │ 0         │ 17.7387  │ 20.2436   │ 0.0000   │ 0         │ 0        │ 0         │ 0        │
│ min_ss_100C_1v60     │ 1.7947   │ 1.7947   │ 0.0000   │ 0        │ 0         │ 15.5028  │ 15.7542   │ 0.0000   │ 0         │ 0        │ 0         │ 0        │
│ min_ff_n40C_1v95     │ 0.4357   │ 0.4357   │ 0.0000   │ 0        │ 0         │ 18.4789  │ 21.8424   │ 0.0000   │ 0         │ 0        │ 0         │ 0        │
│ max_tt_025C_1v80     │ 0.7879   │ 0.7879   │ 0.0000   │ 0        │ 0         │ 17.6861  │ 20.1850   │ 0.0000   │ 0         │ 0        │ 0         │ 0        │
│ max_ss_100C_1v60     │ 1.8030   │ 1.8030   │ 0.0000   │ 0        │ 0         │ 15.3653  │ 15.6470   │ 0.0000   │ 0         │ 0        │ 0         │ 6        │
│ max_ff_n40C_1v95     │ 0.4398   │ 0.4398   │ 0.0000   │ 0        │ 0         │ 18.4420  │ 21.8045   │ 0.0000   │ 0         │ 0        │ 0         │ 0        │
└──────────────────────┴──────────┴──────────┴──────────┴──────────┴───────────┴──────────┴───────────┴──────────┴───────────┴──────────┴───────────┴──────────┘
