Clock: clk
Sources: wb_clk_i 
Generated: no
Virtual: yes
Propagated: no
Period: 25.000000

===========================================================================
report_clock_properties
============================================================================
Clock                   Period          Waveform
----------------------------------------------------
clk                  25.000000    0.000000 12.500000

===========================================================================
report_clock_latency
============================================================================
Clock clk
rise -> rise
    min     max
4.650000 5.570000 source latency
5.582808         network latency mprj/_546_/CLK
        6.537959 network latency mprj/_536_/CLK
---------------
10.232809 12.107960 latency
        1.875151 skew

fall -> fall
    min     max
4.650000 5.570000 source latency
5.611711         network latency mprj/_555_/CLK
        6.559626 network latency mprj/_536_/CLK
---------------
10.261710 12.129625 latency
        1.867916 skew



===========================================================================
report_clock_min_period
============================================================================
clk period_min = 9.24 fmax = 108.20
