
===========================================================================
 report_power
============================================================================
======================= max_ss_100C_1v60 Corner ===================================

Group                    Internal    Switching      Leakage        Total
                            Power        Power        Power        Power (Watts)
------------------------------------------------------------------------
Sequential           1.043761e-04 3.585524e-06 1.533286e-06 1.094949e-04  35.1%
Combinational        2.102055e-05 5.200348e-05 2.272203e-06 7.529623e-05  24.2%
Clock                6.585244e-05 6.074929e-05 2.373168e-07 1.268390e-04  40.7%
Macro                0.000000e+00 0.000000e+00 0.000000e+00 0.000000e+00   0.0%
Pad                  0.000000e+00 0.000000e+00 0.000000e+00 0.000000e+00   0.0%
------------------------------------------------------------------------
Total                1.912491e-04 1.163383e-04 4.042809e-06 3.116302e-04 100.0%
                            61.4%        37.3%         1.3%

