
===========================================================================
 report_power
============================================================================
======================= max_ss_100C_1v60 Corner ===================================

Group                    Internal    Switching      Leakage        Total
                            Power        Power        Power        Power (Watts)
------------------------------------------------------------------------
Sequential           1.044414e-04 5.342696e-06 1.533821e-06 1.113180e-04  33.4%
Combinational        2.130198e-05 5.657867e-05 2.315078e-06 8.019574e-05  24.1%
Clock                7.338382e-05 6.766278e-05 2.602729e-07 1.413069e-04  42.5%
Macro                0.000000e+00 0.000000e+00 0.000000e+00 0.000000e+00   0.0%
Pad                  0.000000e+00 0.000000e+00 0.000000e+00 0.000000e+00   0.0%
------------------------------------------------------------------------
Total                1.991273e-04 1.295842e-04 4.109223e-06 3.328206e-04 100.0%
                            59.8%        38.9%         1.2%

