
===========================================================================
Violator List
============================================================================
[hold in-reg] wbs_dat_i[14] -> mprj/_604_/D : -0.656538
[hold in-reg] wbs_dat_i[12] -> mprj/_602_/D : -0.648131
[hold in-reg] wbs_dat_i[15] -> mprj/_605_/D : -0.622911
[hold in-reg] wbs_dat_i[8] -> mprj/_598_/D : -0.597146
[hold in-reg] wbs_dat_i[11] -> mprj/_601_/D : -0.578831
[hold in-reg] wbs_dat_i[4] -> mprj/_586_/D : -0.441435
[hold in-reg] wbs_dat_i[13] -> mprj/_603_/D : -0.435376
[hold in-reg] wbs_dat_i[3] -> mprj/_585_/D : -0.432868
[hold in-reg] wbs_dat_i[7] -> mprj/_589_/D : -0.396224
[hold in-reg] wbs_dat_i[4] -> mprj/_578_/D : -0.352812
[hold in-reg] wbs_dat_i[7] -> mprj/_581_/D : -0.352537
[hold in-reg] wbs_dat_i[3] -> mprj/_577_/D : -0.348751
[hold in-reg] wbs_dat_i[4] -> mprj/_594_/D : -0.344142
[hold in-reg] wbs_dat_i[3] -> mprj/_593_/D : -0.336854
[hold in-reg] wbs_dat_i[10] -> mprj/_600_/D : -0.322697
[hold in-reg] wbs_dat_i[6] -> mprj/_588_/D : -0.318377
[hold in-reg] wbs_dat_i[7] -> mprj/_597_/D : -0.309779
[hold in-reg] wbs_dat_i[9] -> mprj/_599_/D : -0.302943
[hold in-reg] wbs_dat_i[5] -> mprj/_587_/D : -0.262945
[hold in-reg] wbs_adr_i[5] -> mprj/_573_/D : -0.242647
[hold in-reg] wbs_dat_i[1] -> mprj/_575_/D : -0.231718
[hold in-reg] wbs_dat_i[1] -> mprj/_591_/D : -0.231225
[hold in-reg] wbs_dat_i[6] -> mprj/_580_/D : -0.219488
[hold in-reg] wbs_dat_i[6] -> mprj/_596_/D : -0.208161
[hold in-reg] wbs_dat_i[0] -> mprj/_574_/D : -0.207856
[hold in-reg] wbs_dat_i[0] -> mprj/_590_/D : -0.202012
[hold in-reg] wbs_dat_i[2] -> mprj/_576_/D : -0.186701
[hold in-reg] wbs_dat_i[2] -> mprj/_592_/D : -0.185027
[hold in-reg] wbs_dat_i[5] -> mprj/_579_/D : -0.181795
[hold in-reg] wbs_dat_i[5] -> mprj/_595_/D : -0.177532
