
===========================================================================
Violator List
============================================================================
[hold in-reg] wbs_dat_i[12] -> mprj/_602_/D : -0.656117
[hold in-reg] wbs_dat_i[9] -> mprj/_599_/D : -0.630550
[hold in-reg] wbs_dat_i[14] -> mprj/_604_/D : -0.598523
[hold in-reg] wbs_dat_i[8] -> mprj/_598_/D : -0.596658
[hold in-reg] wbs_dat_i[13] -> mprj/_603_/D : -0.596317
[hold in-reg] wbs_dat_i[10] -> mprj/_600_/D : -0.595695
[hold in-reg] wbs_dat_i[15] -> mprj/_605_/D : -0.559227
[hold in-reg] wbs_dat_i[11] -> mprj/_601_/D : -0.509238
[hold in-reg] wbs_dat_i[7] -> mprj/_589_/D : -0.493278
[hold in-reg] wbs_dat_i[4] -> mprj/_586_/D : -0.488340
[hold in-reg] wbs_dat_i[5] -> mprj/_587_/D : -0.445491
[hold in-reg] wbs_adr_i[2] -> mprj/_573_/D : -0.418892
[hold in-reg] wbs_dat_i[6] -> mprj/_588_/D : -0.414925
[hold in-reg] wbs_dat_i[4] -> mprj/_594_/D : -0.383167
[hold in-reg] wbs_dat_i[4] -> mprj/_578_/D : -0.382379
[hold in-reg] wbs_dat_i[7] -> mprj/_597_/D : -0.369371
[hold in-reg] wbs_dat_i[7] -> mprj/_581_/D : -0.368265
[hold in-reg] wbs_dat_i[5] -> mprj/_595_/D : -0.356067
[hold in-reg] wbs_dat_i[5] -> mprj/_579_/D : -0.352485
[hold in-reg] wbs_dat_i[2] -> mprj/_592_/D : -0.350243
[hold in-reg] wbs_dat_i[6] -> mprj/_580_/D : -0.341903
[hold in-reg] wbs_dat_i[6] -> mprj/_596_/D : -0.333547
[hold in-reg] wbs_dat_i[2] -> mprj/_576_/D : -0.325780
[hold in-reg] wbs_dat_i[3] -> mprj/_585_/D : -0.309429
[hold in-reg] wbs_dat_i[0] -> mprj/_574_/D : -0.241391
[hold in-reg] wbs_dat_i[0] -> mprj/_590_/D : -0.233873
[hold in-reg] wbs_dat_i[3] -> mprj/_577_/D : -0.206205
[hold in-reg] wbs_dat_i[3] -> mprj/_593_/D : -0.204913
[hold in-reg] wbs_dat_i[1] -> mprj/_575_/D : -0.151121
[hold in-reg] wbs_dat_i[1] -> mprj/_591_/D : -0.149767
