
===========================================================================
report_checks -unconstrained
===========================================================================
======================= max_tt_025C_1v80 Corner ===================================

Startpoint: wb_rst_i (input port clocked by clk)
Endpoint: mprj/_594_ (recovery check against rising-edge clock clk)
Path Group: asynchronous
Path Type: max

Fanout         Cap        Slew       Delay        Time   Description
---------------------------------------------------------------------------------------------
                                  0.000000    0.000000   clock clk (rise edge)
                                  5.570000    5.570000   clock network delay (propagated)
                                 12.500000   18.070000 v input external delay
     2    0.034936    0.000000    0.000000   18.070000 v wb_rst_i (in)
                                                         wb_rst_i (net)
                      0.007740    0.003871   18.073870 v mprj/input13/A (sky130_fd_sc_hd__clkbuf_4)
     9    0.076287    0.155496    0.214825   18.288696 v mprj/input13/X (sky130_fd_sc_hd__clkbuf_4)
                                                         mprj/net13 (net)
                      0.158503    0.017323   18.306019 v mprj/fanout65/A (sky130_fd_sc_hd__buf_8)
    33    0.135855    0.104486    0.227489   18.533508 v mprj/fanout65/X (sky130_fd_sc_hd__buf_8)
                                                         mprj/net65 (net)
                      0.107438    0.013893   18.547401 v mprj/fanout64/A (sky130_fd_sc_hd__buf_8)
    33    0.117716    0.091956    0.199980   18.747381 v mprj/fanout64/X (sky130_fd_sc_hd__buf_8)
                                                         mprj/net64 (net)
                      0.096282    0.015627   18.763008 v mprj/_514_/A (sky130_fd_sc_hd__inv_2)
     1    0.003831    0.036275    0.062544   18.825552 ^ mprj/_514_/Y (sky130_fd_sc_hd__inv_2)
                                                         mprj/_067_ (net)
                      0.036275    0.000203   18.825754 ^ mprj/_594_/SET_B (sky130_fd_sc_hd__dfstp_1)
                                             18.825754   data arrival time

                                 25.000000   25.000000   clock clk (rise edge)
                                  4.650000   29.650000   clock source latency
     2    0.057539    0.610000    0.000000   29.650000 ^ wb_clk_i (in)
                                                         wb_clk_i (net)
                      0.626066    0.008034   29.658033 ^ mprj/clkbuf_0_wb_clk_i/A (sky130_fd_sc_hd__clkbuf_16)
    17    0.126987    0.145378    0.343782   30.001816 ^ mprj/clkbuf_0_wb_clk_i/X (sky130_fd_sc_hd__clkbuf_16)
                                                         mprj/clknet_0_wb_clk_i (net)
                      0.146154    0.007862   30.009678 ^ mprj/clkbuf_3_5__f_wb_clk_i/A (sky130_fd_sc_hd__clkbuf_16)
    13    0.052644    0.071840    0.186009   30.195686 ^ mprj/clkbuf_3_5__f_wb_clk_i/X (sky130_fd_sc_hd__clkbuf_16)
                                                         mprj/clknet_3_5__leaf_wb_clk_i (net)
                      0.071919    0.002103   30.197790 ^ mprj/_594_/CLK (sky130_fd_sc_hd__dfstp_1)
                                 -0.250000   29.947788   clock uncertainty
                                  0.000000   29.947788   clock reconvergence pessimism
                                  0.145873   30.093664   library recovery time
                                             30.093664   data required time
---------------------------------------------------------------------------------------------
                                             30.093664   data required time
                                            -18.825754   data arrival time
---------------------------------------------------------------------------------------------
                                             11.267910   slack (MET)


Startpoint: wbs_adr_i[7] (input port clocked by clk)
Endpoint: mprj/_568_ (rising edge-triggered flip-flop clocked by clk)
Path Group: clk
Path Type: max

Fanout         Cap        Slew       Delay        Time   Description
---------------------------------------------------------------------------------------------
                                  0.000000    0.000000   clock clk (rise edge)
                                  5.570000    5.570000   clock network delay (propagated)
                                  3.890000    9.460000 v input external delay
     2    0.082058    0.920000    0.000000    9.460000 v wbs_adr_i[7] (in)
                                                         wbs_adr_i[7] (net)
                      0.930234    0.005117    9.465117 v mprj/input21/A (sky130_fd_sc_hd__buf_1)
     5    0.025393    0.156655    0.404944    9.870061 v mprj/input21/X (sky130_fd_sc_hd__buf_1)
                                                         mprj/net21 (net)
                      0.156721    0.003001    9.873062 v mprj/_309_/B (sky130_fd_sc_hd__or4b_2)
     2    0.018126    0.154409    0.752061   10.625122 v mprj/_309_/X (sky130_fd_sc_hd__or4b_2)
                                                         mprj/_142_ (net)
                      0.154525    0.001996   10.627118 v mprj/_310_/C (sky130_fd_sc_hd__nor3_2)
     4    0.022347    0.400110    0.348847   10.975965 ^ mprj/_310_/Y (sky130_fd_sc_hd__nor3_2)
                                                         mprj/_143_ (net)
                      0.400112    0.000775   10.976741 ^ mprj/max_cap59/A (sky130_fd_sc_hd__buf_4)
    19    0.064866    0.183533    0.297240   11.273980 ^ mprj/max_cap59/X (sky130_fd_sc_hd__buf_4)
                                                         mprj/net59 (net)
                      0.184654    0.011635   11.285615 ^ mprj/_311_/C (sky130_fd_sc_hd__and3_1)
     1    0.011354    0.128151    0.238581   11.524196 ^ mprj/_311_/X (sky130_fd_sc_hd__and3_1)
                                                         mprj/_144_ (net)
                      0.128156    0.001022   11.525218 ^ mprj/_312_/C1 (sky130_fd_sc_hd__a221o_1)
     1    0.002820    0.050859    0.123384   11.648602 ^ mprj/_312_/X (sky130_fd_sc_hd__a221o_1)
                                                         mprj/_094_ (net)
                      0.050859    0.000195   11.648798 ^ mprj/hold25/A (sky130_fd_sc_hd__dlygate4sd3_1)
     1    0.003693    0.061099    0.544592   12.193390 ^ mprj/hold25/X (sky130_fd_sc_hd__dlygate4sd3_1)
                                                         mprj/net312 (net)
                      0.061099    0.000264   12.193653 ^ mprj/_568_/D (sky130_fd_sc_hd__dfrtp_1)
                                             12.193653   data arrival time

                                 25.000000   25.000000   clock clk (rise edge)
                                  4.650000   29.650000   clock source latency
     2    0.057539    0.610000    0.000000   29.650000 ^ wb_clk_i (in)
                                                         wb_clk_i (net)
                      0.626066    0.008034   29.658033 ^ mprj/clkbuf_0_wb_clk_i/A (sky130_fd_sc_hd__clkbuf_16)
    17    0.126987    0.145378    0.343782   30.001816 ^ mprj/clkbuf_0_wb_clk_i/X (sky130_fd_sc_hd__clkbuf_16)
                                                         mprj/clknet_0_wb_clk_i (net)
                      0.145717    0.004732   30.006548 ^ mprj/clkbuf_3_3__f_wb_clk_i/A (sky130_fd_sc_hd__clkbuf_16)
     6    0.042672    0.062711    0.178417   30.184965 ^ mprj/clkbuf_3_3__f_wb_clk_i/X (sky130_fd_sc_hd__clkbuf_16)
                                                         mprj/clknet_3_3__leaf_wb_clk_i (net)
                      0.062797    0.002000   30.186964 ^ mprj/_568_/CLK (sky130_fd_sc_hd__dfrtp_1)
                                 -0.250000   29.936964   clock uncertainty
                                  0.000000   29.936964   clock reconvergence pessimism
                                 -0.060857   29.876106   library setup time
                                             29.876106   data required time
---------------------------------------------------------------------------------------------
                                             29.876106   data required time
                                            -12.193653   data arrival time
---------------------------------------------------------------------------------------------
                                             17.682453   slack (MET)




===========================================================================
report_checks --slack_max -0.01
============================================================================
======================= max_tt_025C_1v80 Corner ===================================

No paths found.


===========================================================================
 report_check_types -max_slew -max_cap -max_fanout -violators
============================================================================
======================= max_tt_025C_1v80 Corner ===================================

max slew

Pin                                        Limit        Slew       Slack
------------------------------------------------------------------------
mprj/input8/A                           1.500000    2.568065   -1.068065 (VIOLATED)
mprj/ANTENNA_input8_A/DIODE             1.500000    2.568034   -1.068034 (VIOLATED)
mprj/input11/A                          1.500000    2.518600   -1.018600 (VIOLATED)
mprj/ANTENNA_input11_A/DIODE            1.500000    2.518537   -1.018537 (VIOLATED)
mprj/input9/A                           1.500000    2.492972   -0.992972 (VIOLATED)
mprj/ANTENNA_input9_A/DIODE             1.500000    2.492940   -0.992940 (VIOLATED)
user_irq[0]                             1.500000    2.388817   -0.888817 (VIOLATED)
mprj/output41/X                         1.500000    2.354295   -0.854295 (VIOLATED)
mprj/input10/A                          1.500000    2.324990   -0.824990 (VIOLATED)
mprj/ANTENNA_input10_A/DIODE            1.500000    2.324957   -0.824957 (VIOLATED)
mprj/input12/A                          1.500000    2.139244   -0.639244 (VIOLATED)
mprj/ANTENNA_input12_A/DIODE            1.500000    2.139215   -0.639215 (VIOLATED)
mprj/input3/A                           1.500000    1.948694   -0.448694 (VIOLATED)
mprj/ANTENNA_input3_A/DIODE             1.500000    1.948662   -0.448662 (VIOLATED)
mprj/input6/A                           1.500000    1.916954   -0.416954 (VIOLATED)
mprj/ANTENNA_input6_A/DIODE             1.500000    1.916921   -0.416921 (VIOLATED)
mprj/input2/A                           1.500000    1.695081   -0.195081 (VIOLATED)
mprj/ANTENNA_input2_A/DIODE             1.500000    1.695048   -0.195048 (VIOLATED)
wbs_dat_o[4]                            1.500000    1.639389   -0.139389 (VIOLATED)
wbs_ack_o                               1.500000    1.608045   -0.108045 (VIOLATED)
mprj/output42/X                         1.500000    1.606660   -0.106660 (VIOLATED)
wbs_dat_o[11]                           1.500000    1.585847   -0.085847 (VIOLATED)
mprj/output53/X                         1.500000    1.577129   -0.077130 (VIOLATED)
mprj/output45/X                         1.500000    1.573836   -0.073836 (VIOLATED)

max fanout

Pin                                   Limit Fanout  Slack
---------------------------------------------------------
mprj/_272_/Y                             10     33    -23 (VIOLATED)
mprj/_303_/X                             10     33    -23 (VIOLATED)
mprj/clkbuf_3_4__f_wb_clk_i/X            10     33    -23 (VIOLATED)
mprj/fanout60/X                          10     33    -23 (VIOLATED)
mprj/fanout63/X                          10     33    -23 (VIOLATED)
mprj/fanout64/X                          10     33    -23 (VIOLATED)
mprj/fanout65/X                          10     33    -23 (VIOLATED)
mprj/_302_/Y                             10     27    -17 (VIOLATED)
mprj/clkbuf_3_7__f_wb_clk_i/X            10     27    -17 (VIOLATED)
mprj/clkbuf_3_0__f_wb_clk_i/X            10     23    -13 (VIOLATED)
mprj/_271_/X                             10     21    -11 (VIOLATED)
mprj/clkbuf_3_1__f_wb_clk_i/X            10     21    -11 (VIOLATED)
mprj/_290_/X                             10     19     -9 (VIOLATED)
mprj/clkbuf_3_2__f_wb_clk_i/X            10     19     -9 (VIOLATED)
mprj/clkbuf_3_6__f_wb_clk_i/X            10     19     -9 (VIOLATED)
mprj/fanout61/X                          10     19     -9 (VIOLATED)
mprj/fanout62/X                          10     19     -9 (VIOLATED)
mprj/max_cap59/X                         10     19     -9 (VIOLATED)
mprj/_291_/Y                             10     17     -7 (VIOLATED)
mprj/_304_/X                             10     17     -7 (VIOLATED)
mprj/_320_/X                             10     17     -7 (VIOLATED)
mprj/_440_/Y                             10     17     -7 (VIOLATED)
mprj/clkbuf_0_wb_clk_i/X                 10     17     -7 (VIOLATED)
mprj/input16/X                           10     15     -5 (VIOLATED)
mprj/clkbuf_3_5__f_wb_clk_i/X            10     13     -3 (VIOLATED)

max capacitance

Pin                                        Limit         Cap       Slack
------------------------------------------------------------------------
mprj/output41/X                         0.315867    0.492741   -0.176874 (VIOLATED)
mprj/output42/X                         0.315867    0.338332   -0.022465 (VIOLATED)
mprj/output45/X                         0.315867    0.328615   -0.012748 (VIOLATED)
mprj/output53/X                         0.315867    0.325669   -0.009802 (VIOLATED)



===========================================================================
report_parasitic_annotation -report_unannotated
============================================================================
Found 541 unannotated drivers.
 analog_io[0]
 analog_io[10]
 analog_io[11]
 analog_io[12]
 analog_io[13]
 analog_io[14]
 analog_io[15]
 analog_io[16]
 analog_io[17]
 analog_io[18]
 analog_io[19]
 analog_io[1]
 analog_io[20]
 analog_io[21]
 analog_io[22]
 analog_io[23]
 analog_io[24]
 analog_io[25]
 analog_io[26]
 analog_io[27]
 analog_io[28]
 analog_io[2]
 analog_io[3]
 analog_io[4]
 analog_io[5]
 analog_io[6]
 analog_io[7]
 analog_io[8]
 analog_io[9]
 io_in[0]
 io_in[19]
 io_in[1]
 io_in[20]
 io_in[21]
 io_in[22]
 io_in[23]
 io_in[24]
 io_in[25]
 io_in[26]
 io_in[27]
 io_in[28]
 io_in[29]
 io_in[2]
 io_in[30]
 io_in[31]
 io_in[32]
 io_in[33]
 io_in[34]
 io_in[35]
 io_in[36]
 io_in[37]
 io_in[3]
 io_in[4]
 io_in[5]
 io_in[6]
 la_data_in[0]
 la_data_in[100]
 la_data_in[101]
 la_data_in[102]
 la_data_in[103]
 la_data_in[104]
 la_data_in[105]
 la_data_in[106]
 la_data_in[107]
 la_data_in[108]
 la_data_in[109]
 la_data_in[10]
 la_data_in[110]
 la_data_in[111]
 la_data_in[112]
 la_data_in[113]
 la_data_in[114]
 la_data_in[115]
 la_data_in[116]
 la_data_in[117]
 la_data_in[118]
 la_data_in[119]
 la_data_in[11]
 la_data_in[120]
 la_data_in[121]
 la_data_in[122]
 la_data_in[123]
 la_data_in[124]
 la_data_in[125]
 la_data_in[126]
 la_data_in[127]
 la_data_in[12]
 la_data_in[13]
 la_data_in[14]
 la_data_in[15]
 la_data_in[16]
 la_data_in[17]
 la_data_in[18]
 la_data_in[19]
 la_data_in[1]
 la_data_in[20]
 la_data_in[21]
 la_data_in[22]
 la_data_in[23]
 la_data_in[24]
 la_data_in[25]
 la_data_in[26]
 la_data_in[27]
 la_data_in[28]
 la_data_in[29]
 la_data_in[2]
 la_data_in[30]
 la_data_in[31]
 la_data_in[32]
 la_data_in[33]
 la_data_in[34]
 la_data_in[35]
 la_data_in[36]
 la_data_in[37]
 la_data_in[38]
 la_data_in[39]
 la_data_in[3]
 la_data_in[40]
 la_data_in[41]
 la_data_in[42]
 la_data_in[43]
 la_data_in[44]
 la_data_in[45]
 la_data_in[46]
 la_data_in[47]
 la_data_in[48]
 la_data_in[49]
 la_data_in[4]
 la_data_in[50]
 la_data_in[51]
 la_data_in[52]
 la_data_in[53]
 la_data_in[54]
 la_data_in[55]
 la_data_in[56]
 la_data_in[57]
 la_data_in[58]
 la_data_in[59]
 la_data_in[5]
 la_data_in[60]
 la_data_in[61]
 la_data_in[62]
 la_data_in[63]
 la_data_in[64]
 la_data_in[65]
 la_data_in[66]
 la_data_in[67]
 la_data_in[68]
 la_data_in[69]
 la_data_in[6]
 la_data_in[70]
 la_data_in[71]
 la_data_in[72]
 la_data_in[73]
 la_data_in[74]
 la_data_in[75]
 la_data_in[76]
 la_data_in[77]
 la_data_in[78]
 la_data_in[79]
 la_data_in[7]
 la_data_in[80]
 la_data_in[81]
 la_data_in[82]
 la_data_in[83]
 la_data_in[84]
 la_data_in[85]
 la_data_in[86]
 la_data_in[87]
 la_data_in[88]
 la_data_in[89]
 la_data_in[8]
 la_data_in[90]
 la_data_in[91]
 la_data_in[92]
 la_data_in[93]
 la_data_in[94]
 la_data_in[95]
 la_data_in[96]
 la_data_in[97]
 la_data_in[98]
 la_data_in[99]
 la_data_in[9]
 la_oenb[0]
 la_oenb[100]
 la_oenb[101]
 la_oenb[102]
 la_oenb[103]
 la_oenb[104]
 la_oenb[105]
 la_oenb[106]
 la_oenb[107]
 la_oenb[108]
 la_oenb[109]
 la_oenb[10]
 la_oenb[110]
 la_oenb[111]
 la_oenb[112]
 la_oenb[113]
 la_oenb[114]
 la_oenb[115]
 la_oenb[116]
 la_oenb[117]
 la_oenb[118]
 la_oenb[119]
 la_oenb[11]
 la_oenb[120]
 la_oenb[121]
 la_oenb[122]
 la_oenb[123]
 la_oenb[124]
 la_oenb[125]
 la_oenb[126]
 la_oenb[127]
 la_oenb[12]
 la_oenb[13]
 la_oenb[14]
 la_oenb[15]
 la_oenb[16]
 la_oenb[17]
 la_oenb[18]
 la_oenb[19]
 la_oenb[1]
 la_oenb[20]
 la_oenb[21]
 la_oenb[22]
 la_oenb[23]
 la_oenb[24]
 la_oenb[25]
 la_oenb[26]
 la_oenb[27]
 la_oenb[28]
 la_oenb[29]
 la_oenb[2]
 la_oenb[30]
 la_oenb[31]
 la_oenb[32]
 la_oenb[33]
 la_oenb[34]
 la_oenb[35]
 la_oenb[36]
 la_oenb[37]
 la_oenb[38]
 la_oenb[39]
 la_oenb[3]
 la_oenb[40]
 la_oenb[41]
 la_oenb[42]
 la_oenb[43]
 la_oenb[44]
 la_oenb[45]
 la_oenb[46]
 la_oenb[47]
 la_oenb[48]
 la_oenb[49]
 la_oenb[4]
 la_oenb[50]
 la_oenb[51]
 la_oenb[52]
 la_oenb[53]
 la_oenb[54]
 la_oenb[55]
 la_oenb[56]
 la_oenb[57]
 la_oenb[58]
 la_oenb[59]
 la_oenb[5]
 la_oenb[60]
 la_oenb[61]
 la_oenb[62]
 la_oenb[63]
 la_oenb[64]
 la_oenb[65]
 la_oenb[66]
 la_oenb[67]
 la_oenb[68]
 la_oenb[69]
 la_oenb[6]
 la_oenb[70]
 la_oenb[71]
 la_oenb[72]
 la_oenb[73]
 la_oenb[74]
 la_oenb[75]
 la_oenb[76]
 la_oenb[77]
 la_oenb[78]
 la_oenb[79]
 la_oenb[7]
 la_oenb[80]
 la_oenb[81]
 la_oenb[82]
 la_oenb[83]
 la_oenb[84]
 la_oenb[85]
 la_oenb[86]
 la_oenb[87]
 la_oenb[88]
 la_oenb[89]
 la_oenb[8]
 la_oenb[90]
 la_oenb[91]
 la_oenb[92]
 la_oenb[93]
 la_oenb[94]
 la_oenb[95]
 la_oenb[96]
 la_oenb[97]
 la_oenb[98]
 la_oenb[99]
 la_oenb[9]
 user_clock2
 mprj/clkload0/Y
 mprj/clkload1/Y
 mprj/clkload2/Y
 mprj/clkload3/Y
 mprj/clkload4/Y
 mprj/clkload5/Y
 mprj/clkload6/Y
 mprj/top_soc_100/HI
 mprj/top_soc_101/HI
 mprj/top_soc_102/HI
 mprj/top_soc_103/HI
 mprj/top_soc_104/HI
 mprj/top_soc_105/HI
 mprj/top_soc_106/HI
 mprj/top_soc_107/HI
 mprj/top_soc_108/HI
 mprj/top_soc_109/HI
 mprj/top_soc_110/HI
 mprj/top_soc_111/HI
 mprj/top_soc_112/HI
 mprj/top_soc_113/HI
 mprj/top_soc_114/HI
 mprj/top_soc_115/HI
 mprj/top_soc_116/HI
 mprj/top_soc_117/HI
 mprj/top_soc_118/HI
 mprj/top_soc_119/HI
 mprj/top_soc_120/HI
 mprj/top_soc_121/HI
 mprj/top_soc_122/HI
 mprj/top_soc_123/HI
 mprj/top_soc_124/HI
 mprj/top_soc_125/HI
 mprj/top_soc_126/HI
 mprj/top_soc_127/HI
 mprj/top_soc_128/HI
 mprj/top_soc_129/HI
 mprj/top_soc_130/HI
 mprj/top_soc_131/HI
 mprj/top_soc_132/HI
 mprj/top_soc_133/HI
 mprj/top_soc_134/HI
 mprj/top_soc_135/HI
 mprj/top_soc_136/HI
 mprj/top_soc_137/HI
 mprj/top_soc_138/HI
 mprj/top_soc_139/HI
 mprj/top_soc_140/HI
 mprj/top_soc_141/HI
 mprj/top_soc_142/HI
 mprj/top_soc_143/HI
 mprj/top_soc_144/HI
 mprj/top_soc_145/HI
 mprj/top_soc_146/HI
 mprj/top_soc_147/HI
 mprj/top_soc_148/HI
 mprj/top_soc_149/HI
 mprj/top_soc_150/HI
 mprj/top_soc_151/HI
 mprj/top_soc_152/HI
 mprj/top_soc_153/HI
 mprj/top_soc_154/HI
 mprj/top_soc_155/HI
 mprj/top_soc_156/HI
 mprj/top_soc_157/HI
 mprj/top_soc_158/HI
 mprj/top_soc_159/HI
 mprj/top_soc_160/HI
 mprj/top_soc_161/HI
 mprj/top_soc_162/HI
 mprj/top_soc_163/HI
 mprj/top_soc_164/HI
 mprj/top_soc_165/HI
 mprj/top_soc_166/HI
 mprj/top_soc_167/HI
 mprj/top_soc_168/HI
 mprj/top_soc_169/HI
 mprj/top_soc_170/HI
 mprj/top_soc_171/HI
 mprj/top_soc_172/HI
 mprj/top_soc_173/HI
 mprj/top_soc_174/HI
 mprj/top_soc_175/HI
 mprj/top_soc_176/HI
 mprj/top_soc_177/HI
 mprj/top_soc_178/HI
 mprj/top_soc_179/HI
 mprj/top_soc_180/HI
 mprj/top_soc_181/HI
 mprj/top_soc_182/HI
 mprj/top_soc_183/HI
 mprj/top_soc_184/HI
 mprj/top_soc_185/HI
 mprj/top_soc_186/HI
 mprj/top_soc_187/HI
 mprj/top_soc_188/HI
 mprj/top_soc_189/HI
 mprj/top_soc_190/HI
 mprj/top_soc_191/HI
 mprj/top_soc_192/HI
 mprj/top_soc_193/HI
 mprj/top_soc_194/HI
 mprj/top_soc_195/HI
 mprj/top_soc_196/HI
 mprj/top_soc_197/HI
 mprj/top_soc_198/HI
 mprj/top_soc_199/HI
 mprj/top_soc_200/HI
 mprj/top_soc_201/HI
 mprj/top_soc_202/HI
 mprj/top_soc_203/HI
 mprj/top_soc_204/HI
 mprj/top_soc_205/HI
 mprj/top_soc_206/HI
 mprj/top_soc_207/HI
 mprj/top_soc_208/HI
 mprj/top_soc_209/HI
 mprj/top_soc_210/HI
 mprj/top_soc_211/HI
 mprj/top_soc_212/HI
 mprj/top_soc_213/HI
 mprj/top_soc_214/HI
 mprj/top_soc_215/HI
 mprj/top_soc_216/HI
 mprj/top_soc_217/HI
 mprj/top_soc_218/HI
 mprj/top_soc_219/HI
 mprj/top_soc_220/HI
 mprj/top_soc_221/HI
 mprj/top_soc_222/HI
 mprj/top_soc_223/HI
 mprj/top_soc_224/HI
 mprj/top_soc_225/HI
 mprj/top_soc_226/HI
 mprj/top_soc_227/HI
 mprj/top_soc_228/HI
 mprj/top_soc_229/HI
 mprj/top_soc_230/HI
 mprj/top_soc_231/HI
 mprj/top_soc_232/HI
 mprj/top_soc_233/HI
 mprj/top_soc_234/HI
 mprj/top_soc_235/HI
 mprj/top_soc_236/HI
 mprj/top_soc_237/HI
 mprj/top_soc_238/HI
 mprj/top_soc_239/HI
 mprj/top_soc_240/HI
 mprj/top_soc_241/HI
 mprj/top_soc_242/HI
 mprj/top_soc_243/HI
 mprj/top_soc_244/HI
 mprj/top_soc_245/HI
 mprj/top_soc_246/HI
 mprj/top_soc_247/HI
 mprj/top_soc_248/HI
 mprj/top_soc_249/HI
 mprj/top_soc_250/LO
 mprj/top_soc_251/LO
 mprj/top_soc_252/LO
 mprj/top_soc_253/LO
 mprj/top_soc_254/LO
 mprj/top_soc_255/LO
 mprj/top_soc_256/LO
 mprj/top_soc_257/LO
 mprj/top_soc_258/LO
 mprj/top_soc_259/LO
 mprj/top_soc_260/LO
 mprj/top_soc_261/LO
 mprj/top_soc_262/LO
 mprj/top_soc_263/LO
 mprj/top_soc_264/LO
 mprj/top_soc_265/LO
 mprj/top_soc_266/LO
 mprj/top_soc_267/LO
 mprj/top_soc_268/LO
 mprj/top_soc_269/LO
 mprj/top_soc_270/LO
 mprj/top_soc_271/LO
 mprj/top_soc_272/LO
 mprj/top_soc_273/LO
 mprj/top_soc_274/LO
 mprj/top_soc_275/LO
 mprj/top_soc_276/LO
 mprj/top_soc_277/LO
 mprj/top_soc_278/LO
 mprj/top_soc_279/LO
 mprj/top_soc_280/LO
 mprj/top_soc_281/LO
 mprj/top_soc_282/LO
 mprj/top_soc_283/LO
 mprj/top_soc_284/LO
 mprj/top_soc_285/LO
 mprj/top_soc_286/LO
 mprj/top_soc_287/LO
 mprj/top_soc_66/HI
 mprj/top_soc_67/HI
 mprj/top_soc_68/HI
 mprj/top_soc_69/HI
 mprj/top_soc_70/HI
 mprj/top_soc_71/HI
 mprj/top_soc_72/HI
 mprj/top_soc_73/HI
 mprj/top_soc_74/HI
 mprj/top_soc_75/HI
 mprj/top_soc_76/HI
 mprj/top_soc_77/HI
 mprj/top_soc_78/HI
 mprj/top_soc_79/HI
 mprj/top_soc_80/HI
 mprj/top_soc_81/HI
 mprj/top_soc_82/HI
 mprj/top_soc_83/HI
 mprj/top_soc_84/HI
 mprj/top_soc_85/HI
 mprj/top_soc_86/HI
 mprj/top_soc_87/HI
 mprj/top_soc_88/HI
 mprj/top_soc_89/HI
 mprj/top_soc_90/HI
 mprj/top_soc_91/HI
 mprj/top_soc_92/HI
 mprj/top_soc_93/HI
 mprj/top_soc_94/HI
 mprj/top_soc_95/HI
 mprj/top_soc_96/HI
 mprj/top_soc_97/HI
 mprj/top_soc_98/HI
 mprj/top_soc_99/HI
Found 0 partially unannotated drivers.

===========================================================================
max slew violation count 24
max fanout violation count 25
max cap violation count 4
============================================================================

===========================================================================
check_setup -verbose -unconstrained_endpoints -multiple_clock -no_clock -no_input_delay -loops -generated_clocks
===========================================================================
Warning: There are 68 input ports missing set_input_delay.
  analog_io[0]
  analog_io[10]
  analog_io[11]
  analog_io[12]
  analog_io[13]
  analog_io[14]
  analog_io[15]
  analog_io[16]
  analog_io[17]
  analog_io[18]
  analog_io[19]
  analog_io[1]
  analog_io[20]
  analog_io[21]
  analog_io[22]
  analog_io[23]
  analog_io[24]
  analog_io[25]
  analog_io[26]
  analog_io[27]
  analog_io[28]
  analog_io[2]
  analog_io[3]
  analog_io[4]
  analog_io[5]
  analog_io[6]
  analog_io[7]
  analog_io[8]
  analog_io[9]
  io_in[0]
  io_in[10]
  io_in[11]
  io_in[12]
  io_in[13]
  io_in[14]
  io_in[15]
  io_in[16]
  io_in[17]
  io_in[18]
  io_in[19]
  io_in[1]
  io_in[20]
  io_in[21]
  io_in[22]
  io_in[23]
  io_in[24]
  io_in[25]
  io_in[26]
  io_in[27]
  io_in[28]
  io_in[29]
  io_in[2]
  io_in[30]
  io_in[31]
  io_in[32]
  io_in[33]
  io_in[34]
  io_in[35]
  io_in[36]
  io_in[37]
  io_in[3]
  io_in[4]
  io_in[5]
  io_in[6]
  io_in[7]
  io_in[8]
  io_in[9]
  user_clock2
Warning: There are 263 unconstrained endpoints.
  analog_io[0]
  analog_io[10]
  analog_io[11]
  analog_io[12]
  analog_io[13]
  analog_io[14]
  analog_io[15]
  analog_io[16]
  analog_io[17]
  analog_io[18]
  analog_io[19]
  analog_io[1]
  analog_io[20]
  analog_io[21]
  analog_io[22]
  analog_io[23]
  analog_io[24]
  analog_io[25]
  analog_io[26]
  analog_io[27]
  analog_io[28]
  analog_io[2]
  analog_io[3]
  analog_io[4]
  analog_io[5]
  analog_io[6]
  analog_io[7]
  analog_io[8]
  analog_io[9]
  io_oeb[0]
  io_oeb[10]
  io_oeb[11]
  io_oeb[12]
  io_oeb[13]
  io_oeb[14]
  io_oeb[15]
  io_oeb[16]
  io_oeb[17]
  io_oeb[18]
  io_oeb[19]
  io_oeb[1]
  io_oeb[20]
  io_oeb[21]
  io_oeb[22]
  io_oeb[23]
  io_oeb[24]
  io_oeb[25]
  io_oeb[26]
  io_oeb[27]
  io_oeb[28]
  io_oeb[29]
  io_oeb[2]
  io_oeb[30]
  io_oeb[31]
  io_oeb[32]
  io_oeb[33]
  io_oeb[34]
  io_oeb[35]
  io_oeb[36]
  io_oeb[37]
  io_oeb[3]
  io_oeb[4]
  io_oeb[5]
  io_oeb[6]
  io_oeb[7]
  io_oeb[8]
  io_oeb[9]
  io_out[0]
  io_out[10]
  io_out[11]
  io_out[12]
  io_out[13]
  io_out[14]
  io_out[15]
  io_out[16]
  io_out[17]
  io_out[18]
  io_out[19]
  io_out[1]
  io_out[20]
  io_out[21]
  io_out[22]
  io_out[23]
  io_out[24]
  io_out[25]
  io_out[26]
  io_out[27]
  io_out[28]
  io_out[29]
  io_out[2]
  io_out[30]
  io_out[31]
  io_out[32]
  io_out[33]
  io_out[34]
  io_out[35]
  io_out[36]
  io_out[37]
  io_out[3]
  io_out[4]
  io_out[5]
  io_out[6]
  io_out[7]
  io_out[8]
  io_out[9]
  la_data_out[0]
  la_data_out[100]
  la_data_out[101]
  la_data_out[102]
  la_data_out[103]
  la_data_out[104]
  la_data_out[105]
  la_data_out[106]
  la_data_out[107]
  la_data_out[108]
  la_data_out[109]
  la_data_out[10]
  la_data_out[110]
  la_data_out[111]
  la_data_out[112]
  la_data_out[113]
  la_data_out[114]
  la_data_out[115]
  la_data_out[116]
  la_data_out[117]
  la_data_out[118]
  la_data_out[119]
  la_data_out[11]
  la_data_out[120]
  la_data_out[121]
  la_data_out[122]
  la_data_out[123]
  la_data_out[124]
  la_data_out[125]
  la_data_out[126]
  la_data_out[127]
  la_data_out[12]
  la_data_out[13]
  la_data_out[14]
  la_data_out[15]
  la_data_out[16]
  la_data_out[17]
  la_data_out[18]
  la_data_out[19]
  la_data_out[1]
  la_data_out[20]
  la_data_out[21]
  la_data_out[22]
  la_data_out[23]
  la_data_out[24]
  la_data_out[25]
  la_data_out[26]
  la_data_out[27]
  la_data_out[28]
  la_data_out[29]
  la_data_out[2]
  la_data_out[30]
  la_data_out[31]
  la_data_out[32]
  la_data_out[33]
  la_data_out[34]
  la_data_out[35]
  la_data_out[36]
  la_data_out[37]
  la_data_out[38]
  la_data_out[39]
  la_data_out[3]
  la_data_out[40]
  la_data_out[41]
  la_data_out[42]
  la_data_out[43]
  la_data_out[44]
  la_data_out[45]
  la_data_out[46]
  la_data_out[47]
  la_data_out[48]
  la_data_out[49]
  la_data_out[4]
  la_data_out[50]
  la_data_out[51]
  la_data_out[52]
  la_data_out[53]
  la_data_out[54]
  la_data_out[55]
  la_data_out[56]
  la_data_out[57]
  la_data_out[58]
  la_data_out[59]
  la_data_out[5]
  la_data_out[60]
  la_data_out[61]
  la_data_out[62]
  la_data_out[63]
  la_data_out[64]
  la_data_out[65]
  la_data_out[66]
  la_data_out[67]
  la_data_out[68]
  la_data_out[69]
  la_data_out[6]
  la_data_out[70]
  la_data_out[71]
  la_data_out[72]
  la_data_out[73]
  la_data_out[74]
  la_data_out[75]
  la_data_out[76]
  la_data_out[77]
  la_data_out[78]
  la_data_out[79]
  la_data_out[7]
  la_data_out[80]
  la_data_out[81]
  la_data_out[82]
  la_data_out[83]
  la_data_out[84]
  la_data_out[85]
  la_data_out[86]
  la_data_out[87]
  la_data_out[88]
  la_data_out[89]
  la_data_out[8]
  la_data_out[90]
  la_data_out[91]
  la_data_out[92]
  la_data_out[93]
  la_data_out[94]
  la_data_out[95]
  la_data_out[96]
  la_data_out[97]
  la_data_out[98]
  la_data_out[99]
  la_data_out[9]
  user_irq[1]
  user_irq[2]
  wbs_dat_o[16]
  wbs_dat_o[17]
  wbs_dat_o[18]
  wbs_dat_o[19]
  wbs_dat_o[20]
  wbs_dat_o[21]
  wbs_dat_o[22]
  wbs_dat_o[23]
  wbs_dat_o[24]
  wbs_dat_o[25]
  wbs_dat_o[26]
  wbs_dat_o[27]
  wbs_dat_o[28]
  wbs_dat_o[29]
  wbs_dat_o[30]
  wbs_dat_o[31]
  mprj/_530_/D
  mprj/_531_/D
  mprj/_532_/D
  mprj/_533_/D
  mprj/_534_/D
  mprj/_535_/D
  mprj/_536_/D
  mprj/_537_/D
  mprj/_538_/D
  mprj/_539_/D
  mprj/_540_/D
  mprj/_541_/D
