
===========================================================================
 report_power
============================================================================
======================= max_tt_025C_1v80 Corner ===================================

Group                    Internal    Switching      Leakage        Total
                            Power        Power        Power        Power (Watts)
------------------------------------------------------------------------
Sequential           1.360974e-04 6.774711e-06 9.632092e-10 1.428731e-04  34.3%
Combinational        2.669294e-05 7.183693e-05 2.634784e-09 9.853251e-05  23.6%
Clock                8.976908e-05 8.552384e-05 8.275962e-10 1.752938e-04  42.1%
Macro                0.000000e+00 0.000000e+00 0.000000e+00 0.000000e+00   0.0%
Pad                  0.000000e+00 0.000000e+00 0.000000e+00 0.000000e+00   0.0%
------------------------------------------------------------------------
Total                2.525594e-04 1.641355e-04 4.425588e-09 4.166993e-04 100.0%
                            60.6%        39.4%         0.0%

