
===========================================================================
 report_power
============================================================================
======================= max_tt_025C_1v80 Corner ===================================

Group                    Internal    Switching      Leakage        Total
                            Power        Power        Power        Power (Watts)
------------------------------------------------------------------------
Sequential           1.359484e-04 4.592322e-06 9.664348e-10 1.405417e-04  36.0%
Combinational        2.634878e-05 6.609816e-05 1.940397e-09 9.244888e-05  23.7%
Clock                8.040408e-05 7.704471e-05 8.139155e-10 1.574496e-04  40.3%
Macro                0.000000e+00 0.000000e+00 0.000000e+00 0.000000e+00   0.0%
Pad                  0.000000e+00 0.000000e+00 0.000000e+00 0.000000e+00   0.0%
------------------------------------------------------------------------
Total                2.427014e-04 1.477352e-04 3.720747e-09 3.904403e-04 100.0%
                            62.2%        37.8%         0.0%

