
===========================================================================
Violator List
============================================================================
[hold in-reg] wbs_dat_i[12] -> mprj/_602_/D : -0.468515
[hold in-reg] wbs_dat_i[9] -> mprj/_599_/D : -0.446588
[hold in-reg] wbs_dat_i[14] -> mprj/_604_/D : -0.433003
[hold in-reg] wbs_dat_i[13] -> mprj/_603_/D : -0.432265
[hold in-reg] wbs_adr_i[2] -> mprj/_573_/D : -0.427838
[hold in-reg] wbs_dat_i[8] -> mprj/_598_/D : -0.427239
[hold in-reg] wbs_dat_i[10] -> mprj/_600_/D : -0.417975
[hold in-reg] wbs_dat_i[15] -> mprj/_605_/D : -0.409686
[hold in-reg] wbs_dat_i[7] -> mprj/_589_/D : -0.381066
[hold in-reg] wbs_dat_i[4] -> mprj/_586_/D : -0.375674
[hold in-reg] wbs_dat_i[11] -> mprj/_601_/D : -0.369668
[hold in-reg] wbs_dat_i[5] -> mprj/_587_/D : -0.353777
[hold in-reg] wbs_dat_i[6] -> mprj/_588_/D : -0.337676
[hold in-reg] wbs_adr_i[2] -> mprj/_585_/D : -0.317456
[hold in-reg] wbs_dat_i[4] -> mprj/_594_/D : -0.305877
[hold in-reg] wbs_dat_i[4] -> mprj/_578_/D : -0.305227
[hold in-reg] wbs_dat_i[7] -> mprj/_597_/D : -0.303103
[hold in-reg] wbs_dat_i[7] -> mprj/_581_/D : -0.301845
[hold in-reg] wbs_dat_i[5] -> mprj/_595_/D : -0.294202
[hold in-reg] wbs_dat_i[2] -> mprj/_592_/D : -0.288164
[hold in-reg] wbs_dat_i[5] -> mprj/_579_/D : -0.287844
[hold in-reg] wbs_dat_i[6] -> mprj/_580_/D : -0.282355
[hold in-reg] wbs_dat_i[6] -> mprj/_596_/D : -0.276492
[hold in-reg] wbs_dat_i[2] -> mprj/_576_/D : -0.270023
[hold in-reg] wbs_dat_i[0] -> mprj/_590_/D : -0.227123
[hold in-reg] wbs_dat_i[0] -> mprj/_574_/D : -0.226993
[hold in-reg] wbs_dat_i[3] -> mprj/_593_/D : -0.203729
[hold in-reg] wbs_dat_i[3] -> mprj/_577_/D : -0.200362
[hold in-reg] wbs_dat_i[1] -> mprj/_591_/D : -0.175750
[hold in-reg] wbs_dat_i[1] -> mprj/_575_/D : -0.172485
