
===========================================================================
Violator List
============================================================================
[hold in-reg] wbs_dat_i[14] -> mprj/_604_/D : -0.470334
[hold in-reg] wbs_dat_i[12] -> mprj/_602_/D : -0.462910
[hold in-reg] wbs_dat_i[15] -> mprj/_605_/D : -0.447871
[hold in-reg] wbs_dat_i[8] -> mprj/_598_/D : -0.429446
[hold in-reg] wbs_dat_i[11] -> mprj/_601_/D : -0.419742
[hold in-reg] wbs_adr_i[5] -> mprj/_573_/D : -0.360663
[hold in-reg] wbs_dat_i[4] -> mprj/_586_/D : -0.350156
[hold in-reg] wbs_dat_i[3] -> mprj/_585_/D : -0.346733
[hold in-reg] wbs_dat_i[13] -> mprj/_603_/D : -0.344779
[hold in-reg] wbs_dat_i[7] -> mprj/_589_/D : -0.325637
[hold in-reg] wbs_dat_i[7] -> mprj/_581_/D : -0.289200
[hold in-reg] wbs_dat_i[4] -> mprj/_578_/D : -0.286609
[hold in-reg] wbs_dat_i[3] -> mprj/_577_/D : -0.286583
[hold in-reg] wbs_dat_i[6] -> mprj/_588_/D : -0.283476
[hold in-reg] wbs_dat_i[3] -> mprj/_593_/D : -0.283068
[hold in-reg] wbs_dat_i[4] -> mprj/_594_/D : -0.281549
[hold in-reg] wbs_dat_i[9] -> mprj/_599_/D : -0.262398
[hold in-reg] wbs_dat_i[7] -> mprj/_597_/D : -0.262250
[hold in-reg] wbs_dat_i[10] -> mprj/_600_/D : -0.259205
[hold in-reg] wbs_dat_i[5] -> mprj/_587_/D : -0.251152
[hold in-reg] wbs_dat_i[1] -> mprj/_591_/D : -0.218210
[hold in-reg] wbs_dat_i[1] -> mprj/_575_/D : -0.215288
[hold in-reg] wbs_dat_i[6] -> mprj/_580_/D : -0.210623
[hold in-reg] wbs_dat_i[6] -> mprj/_596_/D : -0.202417
[hold in-reg] wbs_dat_i[2] -> mprj/_592_/D : -0.191196
[hold in-reg] wbs_dat_i[5] -> mprj/_595_/D : -0.188494
[hold in-reg] wbs_dat_i[2] -> mprj/_576_/D : -0.187808
[hold in-reg] wbs_dat_i[0] -> mprj/_590_/D : -0.186695
[hold in-reg] wbs_dat_i[5] -> mprj/_579_/D : -0.186040
[hold in-reg] wbs_dat_i[0] -> mprj/_574_/D : -0.185775
