┏━━━━━━━━━━━━━━━━━━━━━━┳━━━━━━━━━━┳━━━━━━━━━━┳━━━━━━━━━━┳━━━━━━━━━━┳━━━━━━━━━━━┳━━━━━━━━━━┳━━━━━━━━━━━┳━━━━━━━━━━┳━━━━━━━━━━━┳━━━━━━━━━━┳━━━━━━━━━━━┳━━━━━━━━━━┓
┃                      ┃ Hold     ┃ Reg to   ┃          ┃          ┃ of which  ┃ Setup    ┃           ┃          ┃           ┃ of which ┃           ┃          ┃
┃                      ┃ Worst    ┃ Reg      ┃          ┃ Hold Vio ┃ reg to    ┃ Worst    ┃ Reg to    ┃ Setup    ┃ Setup Vio ┃ reg to   ┃ Max Cap   ┃ Max Slew ┃
┃ Corner/Group         ┃ Slack    ┃ Paths    ┃ Hold TNS ┃ Count    ┃ reg       ┃ Slack    ┃ Reg Paths ┃ TNS      ┃ Count     ┃ reg      ┃ Violatio… ┃ Violati… ┃
┡━━━━━━━━━━━━━━━━━━━━━━╇━━━━━━━━━━╇━━━━━━━━━━╇━━━━━━━━━━╇━━━━━━━━━━╇━━━━━━━━━━━╇━━━━━━━━━━╇━━━━━━━━━━━╇━━━━━━━━━━╇━━━━━━━━━━━╇━━━━━━━━━━╇━━━━━━━━━━━╇━━━━━━━━━━┩
│ Overall              │ -0.6561  │ 0.4584   │ -12.1641 │ 270      │ 0         │ 10.8624  │ 15.7583   │ 0.0000   │ 0         │ 0        │ 18        │ 36       │
│ nom_tt_025C_1v80     │ -0.4603  │ 0.8243   │ -9.7188  │ 30       │ 0         │ 11.1010  │ 20.2664   │ 0.0000   │ 0         │ 0        │ 1         │ 2        │
│ nom_ss_100C_1v60     │ -0.6441  │ 1.8341   │ -12.0920 │ 30       │ 0         │ 10.8785  │ 15.8023   │ 0.0000   │ 0         │ 0        │ 18        │ 36       │
│ nom_ff_n40C_1v95     │ -0.3843  │ 0.4664   │ -7.6279  │ 30       │ 0         │ 11.1335  │ 21.8566   │ 0.0000   │ 0         │ 0        │ 1         │ 2        │
│ min_tt_025C_1v80     │ -0.4516  │ 0.8121   │ -9.7427  │ 30       │ 0         │ 11.1167  │ 20.2890   │ 0.0000   │ 0         │ 0        │ 1         │ 2        │
│ min_ss_100C_1v60     │ -0.6308  │ 1.8125   │ -12.1641 │ 30       │ 0         │ 10.9060  │ 15.8425   │ 0.0000   │ 0         │ 0        │ 18        │ 36       │
│ min_ff_n40C_1v95     │ -0.3863  │ 0.4584   │ -7.6356  │ 30       │ 0         │ 11.1455  │ 21.8711   │ 0.0000   │ 0         │ 0        │ 1         │ 2        │
│ max_tt_025C_1v80     │ -0.4685  │ 0.8372   │ -9.7200  │ 30       │ 0         │ 11.0876  │ 20.2431   │ 0.0000   │ 0         │ 0        │ 1         │ 2        │
│ max_ss_100C_1v60     │ -0.6561  │ 1.8563   │ -12.0632 │ 30       │ 0         │ 10.8624  │ 15.7583   │ 0.0000   │ 0         │ 0        │ 18        │ 36       │
│ max_ff_n40C_1v95     │ -0.3826  │ 0.4732   │ -7.6440  │ 30       │ 0         │ 11.1230  │ 21.8429   │ 0.0000   │ 0         │ 0        │ 1         │ 2        │
└──────────────────────┴──────────┴──────────┴──────────┴──────────┴───────────┴──────────┴───────────┴──────────┴───────────┴──────────┴───────────┴──────────┘
