┏━━━━━━━━━━━━━━━━━━━━━━┳━━━━━━━━━━┳━━━━━━━━━━┳━━━━━━━━━━┳━━━━━━━━━━┳━━━━━━━━━━━┳━━━━━━━━━━┳━━━━━━━━━━━┳━━━━━━━━━━┳━━━━━━━━━━━┳━━━━━━━━━━┳━━━━━━━━━━━┳━━━━━━━━━━┓
┃                      ┃ Hold     ┃ Reg to   ┃          ┃          ┃ of which  ┃ Setup    ┃           ┃          ┃           ┃ of which ┃           ┃          ┃
┃                      ┃ Worst    ┃ Reg      ┃          ┃ Hold Vio ┃ reg to    ┃ Worst    ┃ Reg to    ┃ Setup    ┃ Setup Vio ┃ reg to   ┃ Max Cap   ┃ Max Slew ┃
┃ Corner/Group         ┃ Slack    ┃ Paths    ┃ Hold TNS ┃ Count    ┃ reg       ┃ Slack    ┃ Reg Paths ┃ TNS      ┃ Count     ┃ reg      ┃ Violatio… ┃ Violati… ┃
┡━━━━━━━━━━━━━━━━━━━━━━╇━━━━━━━━━━╇━━━━━━━━━━╇━━━━━━━━━━╇━━━━━━━━━━╇━━━━━━━━━━━╇━━━━━━━━━━╇━━━━━━━━━━━╇━━━━━━━━━━╇━━━━━━━━━━━╇━━━━━━━━━━╇━━━━━━━━━━━╇━━━━━━━━━━┩
│ Overall              │ -0.6565  │ 0.4628   │ -10.6403 │ 270      │ 0         │ 11.2079  │ 15.6469   │ 0.0000   │ 0         │ 0        │ 18        │ 52       │
│ nom_tt_025C_1v80     │ -0.4614  │ 0.8561   │ -8.7101  │ 30       │ 0         │ 11.2822  │ 20.2142   │ 0.0000   │ 0         │ 0        │ 4         │ 22       │
│ nom_ss_100C_1v60     │ -0.6433  │ 1.8881   │ -10.4514 │ 30       │ 0         │ 11.2248  │ 15.7021   │ 0.0000   │ 0         │ 0        │ 18        │ 50       │
│ nom_ff_n40C_1v95     │ -0.3486  │ 0.4720   │ -6.8801  │ 30       │ 0         │ 11.2536  │ 21.8234   │ 0.0000   │ 0         │ 0        │ 1         │ 16       │
│ min_tt_025C_1v80     │ -0.4533  │ 0.8443   │ -8.7982  │ 30       │ 0         │ 11.2948  │ 20.2435   │ 0.0000   │ 0         │ 0        │ 1         │ 11       │
│ min_ss_100C_1v60     │ -0.6314  │ 1.8693   │ -10.6403 │ 30       │ 0         │ 11.2467  │ 15.7542   │ 0.0000   │ 0         │ 0        │ 18        │ 44       │
│ min_ff_n40C_1v95     │ -0.3469  │ 0.4628   │ -6.9251  │ 30       │ 0         │ 11.2630  │ 21.8424   │ 0.0000   │ 0         │ 0        │ 1         │ 10       │
│ max_tt_025C_1v80     │ -0.4703  │ 0.8669   │ -8.6763  │ 30       │ 0         │ 11.2679  │ 20.1850   │ 0.0000   │ 0         │ 0        │ 4         │ 24       │
│ max_ss_100C_1v60     │ -0.6565  │ 1.9052   │ -10.3355 │ 30       │ 0         │ 11.2079  │ 15.6469   │ 0.0000   │ 0         │ 0        │ 18        │ 52       │
│ max_ff_n40C_1v95     │ -0.3505  │ 0.4801   │ -6.8510  │ 30       │ 0         │ 11.2414  │ 21.8045   │ 0.0000   │ 0         │ 0        │ 1         │ 18       │
└──────────────────────┴──────────┴──────────┴──────────┴──────────┴───────────┴──────────┴───────────┴──────────┴───────────┴──────────┴───────────┴──────────┘
