
===========================================================================
 report_power
============================================================================
======================= min_tt_025C_1v80 Corner ===================================

Group                    Internal    Switching      Leakage        Total
                            Power        Power        Power        Power (Watts)
------------------------------------------------------------------------
Sequential           1.359798e-04 4.188319e-06 9.664348e-10 1.401691e-04  36.7%
Combinational        2.633463e-05 6.311866e-05 1.940397e-09 8.945523e-05  23.4%
Clock                8.030739e-05 7.162181e-05 8.139155e-10 1.519300e-04  39.8%
Macro                0.000000e+00 0.000000e+00 0.000000e+00 0.000000e+00   0.0%
Pad                  0.000000e+00 0.000000e+00 0.000000e+00 0.000000e+00   0.0%
------------------------------------------------------------------------
Total                2.426219e-04 1.389288e-04 3.720747e-09 3.815544e-04 100.0%
                            63.6%        36.4%         0.0%

