
===========================================================================
 report_power
============================================================================
======================= min_tt_025C_1v80 Corner ===================================

Group                    Internal    Switching      Leakage        Total
                            Power        Power        Power        Power (Watts)
------------------------------------------------------------------------
Sequential           1.360945e-04 6.115544e-06 9.632092e-10 1.422110e-04  35.0%
Combinational        2.667991e-05 6.812921e-05 2.634784e-09 9.481175e-05  23.3%
Clock                8.965661e-05 7.958991e-05 8.275962e-10 1.692473e-04  41.7%
Macro                0.000000e+00 0.000000e+00 0.000000e+00 0.000000e+00   0.0%
Pad                  0.000000e+00 0.000000e+00 0.000000e+00 0.000000e+00   0.0%
------------------------------------------------------------------------
Total                2.524308e-04 1.538347e-04 4.425588e-09 4.062699e-04 100.0%
                            62.1%        37.9%         0.0%

