
===========================================================================
Violator List
============================================================================
[hold in-reg] wbs_dat_i[14] -> mprj/_604_/D : -0.453295
[hold in-reg] wbs_dat_i[12] -> mprj/_602_/D : -0.447716
[hold in-reg] wbs_dat_i[15] -> mprj/_605_/D : -0.436295
[hold in-reg] wbs_dat_i[8] -> mprj/_598_/D : -0.418875
[hold in-reg] wbs_dat_i[11] -> mprj/_601_/D : -0.411777
[hold in-reg] wbs_adr_i[5] -> mprj/_573_/D : -0.357303
[hold in-reg] wbs_dat_i[4] -> mprj/_586_/D : -0.349107
[hold in-reg] wbs_dat_i[3] -> mprj/_585_/D : -0.348561
[hold in-reg] wbs_dat_i[13] -> mprj/_603_/D : -0.345510
[hold in-reg] wbs_dat_i[7] -> mprj/_589_/D : -0.326859
[hold in-reg] wbs_dat_i[6] -> mprj/_588_/D : -0.288922
[hold in-reg] wbs_dat_i[3] -> mprj/_577_/D : -0.288921
[hold in-reg] wbs_dat_i[3] -> mprj/_593_/D : -0.288519
[hold in-reg] wbs_dat_i[7] -> mprj/_581_/D : -0.288339
[hold in-reg] wbs_dat_i[4] -> mprj/_578_/D : -0.286577
[hold in-reg] wbs_dat_i[4] -> mprj/_594_/D : -0.282096
[hold in-reg] wbs_dat_i[10] -> mprj/_600_/D : -0.279764
[hold in-reg] wbs_dat_i[9] -> mprj/_599_/D : -0.272419
[hold in-reg] wbs_dat_i[7] -> mprj/_597_/D : -0.264382
[hold in-reg] wbs_dat_i[5] -> mprj/_587_/D : -0.258672
[hold in-reg] wbs_dat_i[1] -> mprj/_591_/D : -0.228407
[hold in-reg] wbs_dat_i[1] -> mprj/_575_/D : -0.222868
[hold in-reg] wbs_dat_i[0] -> mprj/_590_/D : -0.216105
[hold in-reg] wbs_dat_i[6] -> mprj/_580_/D : -0.215094
[hold in-reg] wbs_dat_i[0] -> mprj/_574_/D : -0.214210
[hold in-reg] wbs_dat_i[6] -> mprj/_596_/D : -0.209740
[hold in-reg] wbs_dat_i[2] -> mprj/_592_/D : -0.205001
[hold in-reg] wbs_dat_i[2] -> mprj/_576_/D : -0.201338
[hold in-reg] wbs_dat_i[5] -> mprj/_595_/D : -0.196950
[hold in-reg] wbs_dat_i[5] -> mprj/_579_/D : -0.194560
