
===========================================================================
Violator List
============================================================================
[hold in-reg] wbs_dat_i[12] -> mprj/_602_/D : -0.451601
[hold in-reg] wbs_dat_i[9] -> mprj/_599_/D : -0.432844
[hold in-reg] wbs_adr_i[2] -> mprj/_573_/D : -0.431760
[hold in-reg] wbs_dat_i[14] -> mprj/_604_/D : -0.421321
[hold in-reg] wbs_dat_i[13] -> mprj/_603_/D : -0.420151
[hold in-reg] wbs_dat_i[8] -> mprj/_598_/D : -0.416596
[hold in-reg] wbs_dat_i[10] -> mprj/_600_/D : -0.416410
[hold in-reg] wbs_dat_i[15] -> mprj/_605_/D : -0.403507
[hold in-reg] wbs_dat_i[11] -> mprj/_601_/D : -0.381603
[hold in-reg] wbs_dat_i[7] -> mprj/_589_/D : -0.376021
[hold in-reg] wbs_dat_i[4] -> mprj/_586_/D : -0.375741
[hold in-reg] wbs_dat_i[5] -> mprj/_587_/D : -0.351562
[hold in-reg] wbs_dat_i[6] -> mprj/_588_/D : -0.337645
[hold in-reg] wbs_adr_i[2] -> mprj/_585_/D : -0.334904
[hold in-reg] wbs_dat_i[4] -> mprj/_594_/D : -0.307375
[hold in-reg] wbs_dat_i[4] -> mprj/_578_/D : -0.307035
[hold in-reg] wbs_dat_i[7] -> mprj/_597_/D : -0.300099
[hold in-reg] wbs_dat_i[7] -> mprj/_581_/D : -0.299312
[hold in-reg] wbs_dat_i[5] -> mprj/_595_/D : -0.293241
[hold in-reg] wbs_dat_i[2] -> mprj/_592_/D : -0.292157
[hold in-reg] wbs_dat_i[5] -> mprj/_579_/D : -0.286556
[hold in-reg] wbs_dat_i[6] -> mprj/_580_/D : -0.281565
[hold in-reg] wbs_dat_i[6] -> mprj/_596_/D : -0.277233
[hold in-reg] wbs_dat_i[2] -> mprj/_576_/D : -0.274111
[hold in-reg] wbs_dat_i[0] -> mprj/_590_/D : -0.242873
[hold in-reg] wbs_dat_i[0] -> mprj/_574_/D : -0.242675
[hold in-reg] wbs_dat_i[3] -> mprj/_593_/D : -0.210584
[hold in-reg] wbs_dat_i[3] -> mprj/_577_/D : -0.206528
[hold in-reg] wbs_dat_i[1] -> mprj/_591_/D : -0.186819
[hold in-reg] wbs_dat_i[1] -> mprj/_575_/D : -0.182822
