
===========================================================================
 report_power
============================================================================
======================= max_ss_100C_1v60 Corner ===================================

Group                    Internal    Switching      Leakage        Total
                            Power        Power        Power        Power (Watts)
------------------------------------------------------------------------
Sequential           1.044436e-04 5.342696e-06 1.533821e-06 1.113201e-04  36.8%
Combinational        2.185642e-05 2.554985e-05 2.315078e-06 4.972135e-05  16.4%
Clock                7.363668e-05 6.766278e-05 2.602729e-07 1.415597e-04  46.8%
Macro                0.000000e+00 0.000000e+00 0.000000e+00 0.000000e+00   0.0%
Pad                  0.000000e+00 0.000000e+00 0.000000e+00 0.000000e+00   0.0%
------------------------------------------------------------------------
Total                1.999367e-04 9.855534e-05 4.109223e-06 3.026013e-04 100.0%
                            66.1%        32.6%         1.4%

