
===========================================================================
 report_power
============================================================================
======================= max_ss_100C_1v60 Corner ===================================

Group                    Internal    Switching      Leakage        Total
                            Power        Power        Power        Power (Watts)
------------------------------------------------------------------------
Sequential           1.043766e-04 3.585524e-06 1.533286e-06 1.094954e-04  38.5%
Combinational        2.155142e-05 2.401168e-05 2.272203e-06 4.783530e-05  16.8%
Clock                6.610677e-05 6.074929e-05 2.373168e-07 1.270934e-04  44.7%
Macro                0.000000e+00 0.000000e+00 0.000000e+00 0.000000e+00   0.0%
Pad                  0.000000e+00 0.000000e+00 0.000000e+00 0.000000e+00   0.0%
------------------------------------------------------------------------
Total                1.920348e-04 8.834649e-05 4.042809e-06 2.844241e-04 100.0%
                            67.5%        31.1%         1.4%

