
===========================================================================
 report_power
============================================================================
======================= nom_tt_025C_1v80 Corner ===================================

Group                    Internal    Switching      Leakage        Total
                            Power        Power        Power        Power (Watts)
------------------------------------------------------------------------
Sequential           1.359646e-04 4.401687e-06 9.664348e-10 1.403673e-04  39.8%
Combinational        2.688008e-05 2.995255e-05 1.940397e-09 5.683457e-05  16.1%
Clock                8.076025e-05 7.455500e-05 8.139155e-10 1.553161e-04  44.1%
Macro                0.000000e+00 0.000000e+00 0.000000e+00 0.000000e+00   0.0%
Pad                  0.000000e+00 0.000000e+00 0.000000e+00 0.000000e+00   0.0%
------------------------------------------------------------------------
Total                2.436051e-04 1.089092e-04 3.720747e-09 3.525181e-04 100.0%
                            69.1%        30.9%         0.0%

