
===========================================================================
 report_power
============================================================================
======================= nom_tt_025C_1v80 Corner ===================================

Group                    Internal    Switching      Leakage        Total
                            Power        Power        Power        Power (Watts)
------------------------------------------------------------------------
Sequential           1.360981e-04 6.478975e-06 9.632092e-10 1.425781e-04  38.1%
Combinational        2.726181e-05 3.178175e-05 2.634784e-09 5.904620e-05  15.8%
Clock                9.011554e-05 8.274186e-05 8.275962e-10 1.728582e-04  46.2%
Macro                0.000000e+00 0.000000e+00 0.000000e+00 0.000000e+00   0.0%
Pad                  0.000000e+00 0.000000e+00 0.000000e+00 0.000000e+00   0.0%
------------------------------------------------------------------------
Total                2.534754e-04 1.210026e-04 4.425588e-09 3.744824e-04 100.0%
                            67.7%        32.3%         0.0%

