
===========================================================================
 report_power
============================================================================
======================= nom_ff_n40C_1v95 Corner ===================================

Group                    Internal    Switching      Leakage        Total
                            Power        Power        Power        Power (Watts)
------------------------------------------------------------------------
Sequential           1.580071e-04 5.240579e-06 1.353300e-09 1.632490e-04  36.3%
Combinational        3.049795e-05 7.626435e-05 4.615015e-09 1.067669e-04  23.7%
Clock                9.238065e-05 8.767487e-05 1.529607e-09 1.800571e-04  40.0%
Macro                0.000000e+00 0.000000e+00 0.000000e+00 0.000000e+00   0.0%
Pad                  0.000000e+00 0.000000e+00 0.000000e+00 0.000000e+00   0.0%
------------------------------------------------------------------------
Total                2.808859e-04 1.691798e-04 7.497909e-09 4.500732e-04 100.0%
                            62.4%        37.6%         0.0%

