
===========================================================================
Violator List
============================================================================
[hold in-reg] wbs_adr_i[5] -> mprj/_573_/D : -0.348627
[hold in-reg] wbs_dat_i[14] -> mprj/_604_/D : -0.337028
[hold in-reg] wbs_dat_i[12] -> mprj/_602_/D : -0.331832
[hold in-reg] wbs_dat_i[15] -> mprj/_605_/D : -0.322804
[hold in-reg] wbs_dat_i[8] -> mprj/_598_/D : -0.311397
[hold in-reg] wbs_dat_i[11] -> mprj/_601_/D : -0.306211
[hold in-reg] wbs_adr_i[5] -> mprj/_588_/D : -0.289118
[hold in-reg] wbs_adr_i[5] -> mprj/_585_/D : -0.288285
[hold in-reg] wbs_adr_i[5] -> mprj/_586_/D : -0.276032
[hold in-reg] wbs_adr_i[5] -> mprj/_589_/D : -0.271985
[hold in-reg] wbs_adr_i[5] -> mprj/_587_/D : -0.267866
[hold in-reg] wbs_dat_i[13] -> mprj/_603_/D : -0.254855
[hold in-reg] wbs_dat_i[7] -> mprj/_581_/D : -0.214612
[hold in-reg] wbs_dat_i[3] -> mprj/_577_/D : -0.214098
[hold in-reg] wbs_dat_i[4] -> mprj/_578_/D : -0.213266
[hold in-reg] wbs_dat_i[3] -> mprj/_593_/D : -0.212869
[hold in-reg] wbs_dat_i[4] -> mprj/_594_/D : -0.210372
[hold in-reg] wbs_dat_i[9] -> mprj/_599_/D : -0.206200
[hold in-reg] wbs_dat_i[10] -> mprj/_600_/D : -0.202240
[hold in-reg] wbs_dat_i[7] -> mprj/_597_/D : -0.198946
[hold in-reg] wbs_dat_i[1] -> mprj/_591_/D : -0.174728
[hold in-reg] wbs_dat_i[1] -> mprj/_575_/D : -0.172413
[hold in-reg] wbs_dat_i[6] -> mprj/_580_/D : -0.168661
[hold in-reg] wbs_dat_i[6] -> mprj/_596_/D : -0.164135
[hold in-reg] wbs_dat_i[2] -> mprj/_592_/D : -0.157263
[hold in-reg] wbs_dat_i[5] -> mprj/_595_/D : -0.155766
[hold in-reg] wbs_dat_i[2] -> mprj/_576_/D : -0.155351
[hold in-reg] wbs_dat_i[5] -> mprj/_579_/D : -0.154290
[hold in-reg] wbs_dat_i[0] -> mprj/_590_/D : -0.149794
[hold in-reg] wbs_dat_i[0] -> mprj/_574_/D : -0.149103
