
===========================================================================
Violator List
============================================================================
[hold in-reg] wbs_adr_i[2] -> mprj/_573_/D : -0.384308
[hold in-reg] wbs_dat_i[12] -> mprj/_602_/D : -0.335590
[hold in-reg] wbs_dat_i[9] -> mprj/_599_/D : -0.322379
[hold in-reg] wbs_adr_i[6] -> mprj/_589_/D : -0.320892
[hold in-reg] wbs_adr_i[6] -> mprj/_586_/D : -0.319038
[hold in-reg] wbs_adr_i[6] -> mprj/_585_/D : -0.317402
[hold in-reg] wbs_adr_i[6] -> mprj/_587_/D : -0.316298
[hold in-reg] wbs_dat_i[14] -> mprj/_604_/D : -0.312388
[hold in-reg] wbs_dat_i[13] -> mprj/_603_/D : -0.311599
[hold in-reg] wbs_dat_i[8] -> mprj/_598_/D : -0.309881
[hold in-reg] wbs_adr_i[6] -> mprj/_588_/D : -0.306872
[hold in-reg] wbs_dat_i[10] -> mprj/_600_/D : -0.305790
[hold in-reg] wbs_dat_i[15] -> mprj/_605_/D : -0.298282
[hold in-reg] wbs_dat_i[11] -> mprj/_601_/D : -0.277046
[hold in-reg] wbs_dat_i[4] -> mprj/_594_/D : -0.231751
[hold in-reg] wbs_dat_i[4] -> mprj/_578_/D : -0.231342
[hold in-reg] wbs_dat_i[7] -> mprj/_597_/D : -0.230258
[hold in-reg] wbs_dat_i[7] -> mprj/_581_/D : -0.229417
[hold in-reg] wbs_dat_i[5] -> mprj/_595_/D : -0.218714
[hold in-reg] wbs_dat_i[2] -> mprj/_592_/D : -0.214755
[hold in-reg] wbs_dat_i[5] -> mprj/_579_/D : -0.214750
[hold in-reg] wbs_dat_i[6] -> mprj/_580_/D : -0.211249
[hold in-reg] wbs_dat_i[6] -> mprj/_596_/D : -0.207885
[hold in-reg] wbs_dat_i[2] -> mprj/_576_/D : -0.205028
[hold in-reg] wbs_dat_i[0] -> mprj/_574_/D : -0.186057
[hold in-reg] wbs_dat_i[0] -> mprj/_590_/D : -0.185937
[hold in-reg] wbs_dat_i[3] -> mprj/_593_/D : -0.165541
[hold in-reg] wbs_dat_i[3] -> mprj/_577_/D : -0.163662
[hold in-reg] wbs_dat_i[1] -> mprj/_591_/D : -0.147861
[hold in-reg] wbs_dat_i[1] -> mprj/_575_/D : -0.145903
