
===========================================================================
 report_power
============================================================================
======================= nom_ss_100C_1v60 Corner ===================================

Group                    Internal    Switching      Leakage        Total
                            Power        Power        Power        Power (Watts)
------------------------------------------------------------------------
Sequential           1.044576e-04 5.109029e-06 1.533821e-06 1.111004e-04  33.7%
Combinational        2.129605e-05 5.537404e-05 2.315078e-06 7.898517e-05  24.0%
Clock                7.338311e-05 6.546466e-05 2.602729e-07 1.391080e-04  42.3%
Macro                0.000000e+00 0.000000e+00 0.000000e+00 0.000000e+00   0.0%
Pad                  0.000000e+00 0.000000e+00 0.000000e+00 0.000000e+00   0.0%
------------------------------------------------------------------------
Total                1.991368e-04 1.259477e-04 4.109223e-06 3.291937e-04 100.0%
                            60.5%        38.3%         1.2%

