
===========================================================================
Violator List
============================================================================
[hold in-reg] wbs_dat_i[14] -> mprj/_604_/D : -0.643295
[hold in-reg] wbs_dat_i[12] -> mprj/_602_/D : -0.636174
[hold in-reg] wbs_dat_i[15] -> mprj/_605_/D : -0.613985
[hold in-reg] wbs_dat_i[8] -> mprj/_598_/D : -0.589427
[hold in-reg] wbs_dat_i[11] -> mprj/_601_/D : -0.573441
[hold in-reg] wbs_dat_i[4] -> mprj/_586_/D : -0.441710
[hold in-reg] wbs_dat_i[3] -> mprj/_585_/D : -0.436394
[hold in-reg] wbs_dat_i[13] -> mprj/_603_/D : -0.431991
[hold in-reg] wbs_dat_i[7] -> mprj/_589_/D : -0.398047
[hold in-reg] wbs_dat_i[4] -> mprj/_578_/D : -0.352912
[hold in-reg] wbs_dat_i[7] -> mprj/_581_/D : -0.352805
[hold in-reg] wbs_dat_i[3] -> mprj/_577_/D : -0.351988
[hold in-reg] wbs_dat_i[4] -> mprj/_594_/D : -0.344475
[hold in-reg] wbs_dat_i[3] -> mprj/_593_/D : -0.342975
[hold in-reg] wbs_dat_i[10] -> mprj/_600_/D : -0.330918
[hold in-reg] wbs_dat_i[6] -> mprj/_588_/D : -0.326882
[hold in-reg] wbs_dat_i[7] -> mprj/_597_/D : -0.312031
[hold in-reg] wbs_dat_i[9] -> mprj/_599_/D : -0.306212
[hold in-reg] wbs_dat_i[5] -> mprj/_587_/D : -0.272670
[hold in-reg] wbs_dat_i[1] -> mprj/_591_/D : -0.241860
[hold in-reg] wbs_adr_i[5] -> mprj/_573_/D : -0.240285
[hold in-reg] wbs_dat_i[1] -> mprj/_575_/D : -0.240037
[hold in-reg] wbs_dat_i[0] -> mprj/_574_/D : -0.227741
[hold in-reg] wbs_dat_i[6] -> mprj/_580_/D : -0.225975
[hold in-reg] wbs_dat_i[0] -> mprj/_590_/D : -0.222560
[hold in-reg] wbs_dat_i[6] -> mprj/_596_/D : -0.216227
[hold in-reg] wbs_dat_i[2] -> mprj/_576_/D : -0.200320
[hold in-reg] wbs_dat_i[2] -> mprj/_592_/D : -0.198730
[hold in-reg] wbs_dat_i[5] -> mprj/_579_/D : -0.191740
[hold in-reg] wbs_dat_i[5] -> mprj/_595_/D : -0.187548
