
===========================================================================
Violator List
============================================================================
[hold in-reg] wbs_dat_i[12] -> mprj/_602_/D : -0.644120
[hold in-reg] wbs_dat_i[9] -> mprj/_599_/D : -0.620477
[hold in-reg] wbs_dat_i[10] -> mprj/_600_/D : -0.593511
[hold in-reg] wbs_dat_i[8] -> mprj/_598_/D : -0.588952
[hold in-reg] wbs_dat_i[14] -> mprj/_604_/D : -0.588226
[hold in-reg] wbs_dat_i[13] -> mprj/_603_/D : -0.585061
[hold in-reg] wbs_dat_i[15] -> mprj/_605_/D : -0.554162
[hold in-reg] wbs_dat_i[11] -> mprj/_601_/D : -0.519182
[hold in-reg] wbs_dat_i[7] -> mprj/_589_/D : -0.488369
[hold in-reg] wbs_dat_i[4] -> mprj/_586_/D : -0.486112
[hold in-reg] wbs_dat_i[5] -> mprj/_587_/D : -0.445580
[hold in-reg] wbs_adr_i[2] -> mprj/_573_/D : -0.420024
[hold in-reg] wbs_dat_i[6] -> mprj/_588_/D : -0.415836
[hold in-reg] wbs_dat_i[4] -> mprj/_594_/D : -0.383194
[hold in-reg] wbs_dat_i[4] -> mprj/_578_/D : -0.382458
[hold in-reg] wbs_dat_i[7] -> mprj/_597_/D : -0.368536
[hold in-reg] wbs_dat_i[7] -> mprj/_581_/D : -0.367736
[hold in-reg] wbs_dat_i[5] -> mprj/_595_/D : -0.356452
[hold in-reg] wbs_dat_i[2] -> mprj/_592_/D : -0.355400
[hold in-reg] wbs_dat_i[5] -> mprj/_579_/D : -0.352177
[hold in-reg] wbs_dat_i[6] -> mprj/_580_/D : -0.341487
[hold in-reg] wbs_dat_i[6] -> mprj/_596_/D : -0.334216
[hold in-reg] wbs_dat_i[2] -> mprj/_576_/D : -0.330827
[hold in-reg] wbs_dat_i[3] -> mprj/_585_/D : -0.315817
[hold in-reg] wbs_dat_i[0] -> mprj/_574_/D : -0.253900
[hold in-reg] wbs_dat_i[0] -> mprj/_590_/D : -0.245969
[hold in-reg] wbs_dat_i[3] -> mprj/_577_/D : -0.212796
[hold in-reg] wbs_dat_i[3] -> mprj/_593_/D : -0.211951
[hold in-reg] wbs_dat_i[1] -> mprj/_575_/D : -0.165047
[hold in-reg] wbs_dat_i[1] -> mprj/_591_/D : -0.164425
